Archive member included to satisfy reference by file (symbol)

c:/siliconlabs/simplicitystudio/v5/developer/toolchains/gnu_arm/12.2.rel1_2023.7/bin/../lib/gcc/arm-none-eabi/12.2.1/thumb/v7e-m+fp/softfp\libgcc.a(_aeabi_uldivmod.o)
                              ./em_usart.o (__aeabi_uldivmod)
c:/siliconlabs/simplicitystudio/v5/developer/toolchains/gnu_arm/12.2.rel1_2023.7/bin/../lib/gcc/arm-none-eabi/12.2.1/thumb/v7e-m+fp/softfp\libgcc.a(_udivmoddi4.o)
                              c:/siliconlabs/simplicitystudio/v5/developer/toolchains/gnu_arm/12.2.rel1_2023.7/bin/../lib/gcc/arm-none-eabi/12.2.1/thumb/v7e-m+fp/softfp\libgcc.a(_aeabi_uldivmod.o) (__udivmoddi4)
c:/siliconlabs/simplicitystudio/v5/developer/toolchains/gnu_arm/12.2.rel1_2023.7/bin/../lib/gcc/arm-none-eabi/12.2.1/thumb/v7e-m+fp/softfp\libgcc.a(_dvmd_tls.o)
                              c:/siliconlabs/simplicitystudio/v5/developer/toolchains/gnu_arm/12.2.rel1_2023.7/bin/../lib/gcc/arm-none-eabi/12.2.1/thumb/v7e-m+fp/softfp\libgcc.a(_aeabi_uldivmod.o) (__aeabi_ldiv0)
c:/siliconlabs/simplicitystudio/v5/developer/toolchains/gnu_arm/12.2.rel1_2023.7/bin/../lib/gcc/arm-none-eabi/12.2.1/thumb/v7e-m+fp/softfp\libc_nano.a(libc_a-exit.o)
                              c:/siliconlabs/simplicitystudio/v5/developer/toolchains/gnu_arm/12.2.rel1_2023.7/bin/../lib/gcc/arm-none-eabi/12.2.1/thumb/v7e-m+fp/softfp/crt0.o (exit)
c:/siliconlabs/simplicitystudio/v5/developer/toolchains/gnu_arm/12.2.rel1_2023.7/bin/../lib/gcc/arm-none-eabi/12.2.1/thumb/v7e-m+fp/softfp\libc_nano.a(libc_a-findfp.o)
                              c:/siliconlabs/simplicitystudio/v5/developer/toolchains/gnu_arm/12.2.rel1_2023.7/bin/../lib/gcc/arm-none-eabi/12.2.1/thumb/v7e-m+fp/softfp\libc_nano.a(libc_a-exit.o) (__stdio_exit_handler)
c:/siliconlabs/simplicitystudio/v5/developer/toolchains/gnu_arm/12.2.rel1_2023.7/bin/../lib/gcc/arm-none-eabi/12.2.1/thumb/v7e-m+fp/softfp\libc_nano.a(libc_a-fwalk.o)
                              c:/siliconlabs/simplicitystudio/v5/developer/toolchains/gnu_arm/12.2.rel1_2023.7/bin/../lib/gcc/arm-none-eabi/12.2.1/thumb/v7e-m+fp/softfp\libc_nano.a(libc_a-findfp.o) (_fwalk_sglue)
c:/siliconlabs/simplicitystudio/v5/developer/toolchains/gnu_arm/12.2.rel1_2023.7/bin/../lib/gcc/arm-none-eabi/12.2.1/thumb/v7e-m+fp/softfp\libc_nano.a(libc_a-stdio.o)
                              c:/siliconlabs/simplicitystudio/v5/developer/toolchains/gnu_arm/12.2.rel1_2023.7/bin/../lib/gcc/arm-none-eabi/12.2.1/thumb/v7e-m+fp/softfp\libc_nano.a(libc_a-findfp.o) (__sread)
c:/siliconlabs/simplicitystudio/v5/developer/toolchains/gnu_arm/12.2.rel1_2023.7/bin/../lib/gcc/arm-none-eabi/12.2.1/thumb/v7e-m+fp/softfp\libc_nano.a(libc_a-memset.o)
                              c:/siliconlabs/simplicitystudio/v5/developer/toolchains/gnu_arm/12.2.rel1_2023.7/bin/../lib/gcc/arm-none-eabi/12.2.1/thumb/v7e-m+fp/softfp/crt0.o (memset)
c:/siliconlabs/simplicitystudio/v5/developer/toolchains/gnu_arm/12.2.rel1_2023.7/bin/../lib/gcc/arm-none-eabi/12.2.1/thumb/v7e-m+fp/softfp\libc_nano.a(libc_a-closer.o)
                              c:/siliconlabs/simplicitystudio/v5/developer/toolchains/gnu_arm/12.2.rel1_2023.7/bin/../lib/gcc/arm-none-eabi/12.2.1/thumb/v7e-m+fp/softfp\libc_nano.a(libc_a-stdio.o) (_close_r)
c:/siliconlabs/simplicitystudio/v5/developer/toolchains/gnu_arm/12.2.rel1_2023.7/bin/../lib/gcc/arm-none-eabi/12.2.1/thumb/v7e-m+fp/softfp\libc_nano.a(libc_a-reent.o)
                              c:/siliconlabs/simplicitystudio/v5/developer/toolchains/gnu_arm/12.2.rel1_2023.7/bin/../lib/gcc/arm-none-eabi/12.2.1/thumb/v7e-m+fp/softfp\libc_nano.a(libc_a-closer.o) (errno)
c:/siliconlabs/simplicitystudio/v5/developer/toolchains/gnu_arm/12.2.rel1_2023.7/bin/../lib/gcc/arm-none-eabi/12.2.1/thumb/v7e-m+fp/softfp\libc_nano.a(libc_a-impure.o)
                              c:/siliconlabs/simplicitystudio/v5/developer/toolchains/gnu_arm/12.2.rel1_2023.7/bin/../lib/gcc/arm-none-eabi/12.2.1/thumb/v7e-m+fp/softfp\libc_nano.a(libc_a-reent.o) (_impure_ptr)
c:/siliconlabs/simplicitystudio/v5/developer/toolchains/gnu_arm/12.2.rel1_2023.7/bin/../lib/gcc/arm-none-eabi/12.2.1/thumb/v7e-m+fp/softfp\libc_nano.a(libc_a-lseekr.o)
                              c:/siliconlabs/simplicitystudio/v5/developer/toolchains/gnu_arm/12.2.rel1_2023.7/bin/../lib/gcc/arm-none-eabi/12.2.1/thumb/v7e-m+fp/softfp\libc_nano.a(libc_a-stdio.o) (_lseek_r)
c:/siliconlabs/simplicitystudio/v5/developer/toolchains/gnu_arm/12.2.rel1_2023.7/bin/../lib/gcc/arm-none-eabi/12.2.1/thumb/v7e-m+fp/softfp\libc_nano.a(libc_a-readr.o)
                              c:/siliconlabs/simplicitystudio/v5/developer/toolchains/gnu_arm/12.2.rel1_2023.7/bin/../lib/gcc/arm-none-eabi/12.2.1/thumb/v7e-m+fp/softfp\libc_nano.a(libc_a-stdio.o) (_read_r)
c:/siliconlabs/simplicitystudio/v5/developer/toolchains/gnu_arm/12.2.rel1_2023.7/bin/../lib/gcc/arm-none-eabi/12.2.1/thumb/v7e-m+fp/softfp\libc_nano.a(libc_a-writer.o)
[...]
Memory Configuration

Name             Origin             Length             Attributes
FLASH            0x00000000         0x00200000         xr
RAM              0x20000000         0x00080000         xrw
*default*        0x00000000         0xffffffff

Linker script and memory map

LOAD c:/siliconlabs/simplicitystudio/v5/developer/toolchains/gnu_arm/12.2.rel1_2023.7/bin/../lib/gcc/arm-none-eabi/12.2.1/thumb/v7e-m+fp/softfp/crti.o
LOAD c:/siliconlabs/simplicitystudio/v5/developer/toolchains/gnu_arm/12.2.rel1_2023.7/bin/../lib/gcc/arm-none-eabi/12.2.1/thumb/v7e-m+fp/softfp/crtbegin.o
LOAD c:/siliconlabs/simplicitystudio/v5/developer/toolchains/gnu_arm/12.2.rel1_2023.7/bin/../lib/gcc/arm-none-eabi/12.2.1/thumb/v7e-m+fp/softfp/crt0.o
START GROUP
LOAD ./autogen/sl_device_init_clocks.o
LOAD ./autogen/sl_event_handler.o
LOAD ./buzzer.o
LOAD ./em_timer.o
LOAD ./em_usart.o
LOAD ./hw_timer.o
LOAD ./i2c.o
LOAD ./main.o
LOAD ./sw_delay.o
LOAD ./usart.o
LOAD ./gecko_sdk_4.4.6/platform/Device/SiliconLabs/EFM32GG11B/Source/startup_efm32gg11b.o
LOAD ./gecko_sdk_4.4.6/platform/Device/SiliconLabs/EFM32GG11B/Source/system_efm32gg11b.o
LOAD ./gecko_sdk_4.4.6/platform/common/src/sl_assert.o
LOAD ./gecko_sdk_4.4.6/platform/common/src/sl_syscalls.o
LOAD ./gecko_sdk_4.4.6/platform/common/toolchain/src/sl_memory.o
LOAD ./gecko_sdk_4.4.6/platform/emlib/src/em_cmu.o
LOAD ./gecko_sdk_4.4.6/platform/emlib/src/em_core.o
LOAD ./gecko_sdk_4.4.6/platform/emlib/src/em_emu.o
LOAD ./gecko_sdk_4.4.6/platform/emlib/src/em_gpio.o
LOAD ./gecko_sdk_4.4.6/platform/emlib/src/em_msc.o
LOAD ./gecko_sdk_4.4.6/platform/emlib/src/em_system.o
LOAD ./gecko_sdk_4.4.6/platform/service/device_init/src/sl_device_init_emu_s1.o
LOAD ./gecko_sdk_4.4.6/platform/service/device_init/src/sl_device_init_nvic.o
LOAD ./gecko_sdk_4.4.6/platform/service/system/src/sl_system_init.o
LOAD ./gecko_sdk_4.4.6/platform/service/system/src/sl_system_process_action.o
LOAD c:/siliconlabs/simplicitystudio/v5/developer/toolchains/gnu_arm/12.2.rel1_2023.7/bin/../lib/gcc/arm-none-eabi/12.2.1/thumb/v7e-m+fp/softfp\libgcc.a
LOAD c:/siliconlabs/simplicitystudio/v5/developer/toolchains/gnu_arm/12.2.rel1_2023.7/bin/../lib/gcc/arm-none-eabi/12.2.1/thumb/v7e-m+fp/softfp\libc_nano.a
LOAD c:/siliconlabs/simplicitystudio/v5/developer/toolchains/gnu_arm/12.2.rel1_2023.7/bin/../lib/gcc/arm-none-eabi/12.2.1/thumb/v7e-m+fp/softfp\libm.a
LOAD c:/siliconlabs/simplicitystudio/v5/developer/toolchains/gnu_arm/12.2.rel1_2023.7/bin/../lib/gcc/arm-none-eabi/12.2.1/thumb/v7e-m+fp/softfp\libnosys.a
END GROUP
START GROUP
LOAD c:/siliconlabs/simplicitystudio/v5/developer/toolchains/gnu_arm/12.2.rel1_2023.7/bin/../lib/gcc/arm-none-eabi/12.2.1/thumb/v7e-m+fp/softfp\libgcc.a
LOAD c:/siliconlabs/simplicitystudio/v5/developer/toolchains/gnu_arm/12.2.rel1_2023.7/bin/../lib/gcc/arm-none-eabi/12.2.1/thumb/v7e-m+fp/softfp\libc_nano.a
LOAD c:/siliconlabs/simplicitystudio/v5/developer/toolchains/gnu_arm/12.2.rel1_2023.7/bin/../lib/gcc/arm-none-eabi/12.2.1/thumb/v7e-m+fp/softfp\libnosys.a
END GROUP
START GROUP
LOAD c:/siliconlabs/simplicitystudio/v5/developer/toolchains/gnu_arm/12.2.rel1_2023.7/bin/../lib/gcc/arm-none-eabi/12.2.1/thumb/v7e-m+fp/softfp\libgcc.a
LOAD c:/siliconlabs/simplicitystudio/v5/developer/toolchains/gnu_arm/12.2.rel1_2023.7/bin/../lib/gcc/arm-none-eabi/12.2.1/thumb/v7e-m+fp/softfp\libg_nano.a
LOAD c:/siliconlabs/simplicitystudio/v5/developer/toolchains/gnu_arm/12.2.rel1_2023.7/bin/../lib/gcc/arm-none-eabi/12.2.1/thumb/v7e-m+fp/softfp\libc_nano.a
END GROUP
START GROUP
LOAD c:/siliconlabs/simplicitystudio/v5/developer/toolchains/gnu_arm/12.2.rel1_2023.7/bin/../lib/gcc/arm-none-eabi/12.2.1/thumb/v7e-m+fp/softfp\libgcc.a
LOAD c:/siliconlabs/simplicitystudio/v5/developer/toolchains/gnu_arm/12.2.rel1_2023.7/bin/../lib/gcc/arm-none-eabi/12.2.1/thumb/v7e-m+fp/softfp\libc_nano.a
END GROUP
LOAD c:/siliconlabs/simplicitystudio/v5/developer/toolchains/gnu_arm/12.2.rel1_2023.7/bin/../lib/gcc/arm-none-eabi/12.2.1/thumb/v7e-m+fp/softfp/crtend.o
LOAD c:/siliconlabs/simplicitystudio/v5/developer/toolchains/gnu_arm/12.2.rel1_2023.7/bin/../lib/gcc/arm-none-eabi/12.2.1/thumb/v7e-m+fp/softfp/crtn.o

.text           0x00000000     0x33ec
                0x00000000                linker_vectors_begin = .
 *(.vectors)
 .vectors       0x00000000      0x158 ./gecko_sdk_4.4.6/platform/Device/SiliconLabs/EFM32GG11B/Source/startup_efm32gg11b.o
                0x00000000                __Vectors
                0x00000158                linker_vectors_end = .
                0x00000158                __Vectors_End = .
                0x00000158                __Vectors_Size = (__Vectors_End - __Vectors)
                0x00000158                linker_code_begin = .
 *(SORT_BY_ALIGNMENT(.text*))
 .text.deregister_tm_clones
                0x00000158       0x1c c:/siliconlabs/simplicitystudio/v5/developer/toolchains/gnu_arm/12.2.rel1_2023.7/bin/../lib/gcc/arm-none-eabi/12.2.1/thumb/v7e-m+fp/softfp/crtbegin.o
 .text.register_tm_clones
                0x00000174       0x24 c:/siliconlabs/simplicitystudio/v5/developer/toolchains/gnu_arm/12.2.rel1_2023.7/bin/../lib/gcc/arm-none-eabi/12.2.1/thumb/v7e-m+fp/softfp/crtbegin.o
 .text.__do_global_dtors_aux
                0x00000198       0x28 c:/siliconlabs/simplicitystudio/v5/developer/toolchains/gnu_arm/12.2.rel1_2023.7/bin/../lib/gcc/arm-none-eabi/12.2.1/thumb/v7e-m+fp/softfp/crtbegin.o
 .text.frame_dummy
                0x000001c0       0x24 c:/siliconlabs/simplicitystudio/v5/developer/toolchains/gnu_arm/12.2.rel1_2023.7/bin/../lib/gcc/arm-none-eabi/12.2.1/thumb/v7e-m+fp/softfp/crtbegin.o
 .text          0x000001e4       0x7c c:/siliconlabs/simplicitystudio/v5/developer/toolchains/gnu_arm/12.2.rel1_2023.7/bin/../lib/gcc/arm-none-eabi/12.2.1/thumb/v7e-m+fp/softfp/crt0.o
                0x000001e4                _stack_init
                0x000001ec                _start
                0x000001ec                _mainCRTStartup
 .text.TIMER_Valid
                0x00000260       0x9c ./em_timer.o
 .text.TIMER_Init
                0x000002fc      0x11c ./em_timer.o
                0x000002fc                TIMER_Init
 .text.USART_BaudrateAsyncSet
                0x00000418      0x168 ./em_usart.o
                0x00000418                USART_BaudrateAsyncSet
 .text.USART_InitAsync
                0x00000580      0x13c ./em_usart.o
                0x00000580                USART_InitAsync
 .text.USART_Reset
                0x000006bc      0x100 ./em_usart.o
                0x000006bc                USART_Reset
 .text.__NVIC_EnableIRQ
                0x000007bc       0x34 ./hw_timer.o
 .text.TIMER_MaxCount
                0x000007f0       0x44 ./hw_timer.o
 .text.TIMER_TopSet
                0x00000834       0x34 ./hw_timer.o
 .text.setupTimer0
                0x00000868       0x70 ./hw_timer.o
                0x00000868                setupTimer0
 .text.TIMER0_IRQHandler
                0x000008d8       0x1c ./hw_timer.o
                0x000008d8                TIMER0_IRQHandler
 .text.TIMER1_IRQHandler
                0x000008f4       0x1c ./hw_timer.o
                0x000008f4                TIMER1_IRQHandler
 .text.I2C0_IRQHandler
                0x00000910       0x8c ./i2c.o
                0x00000910                I2C0_IRQHandler
 .text.GPIO_PinOutClear
                0x0000099c       0xd4 ./main.o
 .text.GPIO_PinOutSet
                0x00000a70       0xd4 ./main.o
 .text.CHIP_Init
                0x00000b44       0x70 ./main.o
 .text.init     0x00000bb4      0x258 ./main.o
                0x00000bb4                init
 .text.main     0x00000e0c      0x380 ./main.o
                0x00000e0c                main
 .text.usart_init
                0x0000118c      0x124 ./usart.o
                0x0000118c                usart_init
 .text.put_char
                0x000012b0       0xe0 ./usart.o
                0x000012b0                put_char
 .text.Reset_Handler
                0x00001390       0x98 ./gecko_sdk_4.4.6/platform/Device/SiliconLabs/EFM32GG11B/Source/startup_efm32gg11b.o
                0x00001390                Reset_Handler
 .text.SystemHFClockGet
                0x00001428       0xe8 ./gecko_sdk_4.4.6/platform/Device/SiliconLabs/EFM32GG11B/Source/system_efm32gg11b.o
                0x00001428                SystemHFClockGet
 .text.SystemHFXOClockGet
                0x00001510        0xc ./gecko_sdk_4.4.6/platform/Device/SiliconLabs/EFM32GG11B/Source/system_efm32gg11b.o
                0x00001510                SystemHFXOClockGet
 .text.SystemInit
                0x0000151c       0x24 ./gecko_sdk_4.4.6/platform/Device/SiliconLabs/EFM32GG11B/Source/system_efm32gg11b.o
                0x0000151c                SystemInit
 .text.SystemLFXOClockGet
                0x00001540        0xc ./gecko_sdk_4.4.6/platform/Device/SiliconLabs/EFM32GG11B/Source/system_efm32gg11b.o
                0x00001540                SystemLFXOClockGet
 .text.SL_Log2ToDiv
                0x0000154c       0x2c ./gecko_sdk_4.4.6/platform/emlib/src/em_cmu.o
 .text.BUS_RegBitWrite
                0x00001578       0x40 ./gecko_sdk_4.4.6/platform/emlib/src/em_cmu.o
 .text.auxClkGet
                0x000015b8       0x14 ./gecko_sdk_4.4.6/platform/emlib/src/em_cmu.o
 .text.hfSrcClkGet
                0x000015cc       0x2c ./gecko_sdk_4.4.6/platform/emlib/src/em_cmu.o
 .text.dbgClkGet
                0x000015f8       0x50 ./gecko_sdk_4.4.6/platform/emlib/src/em_cmu.o
 .text.adcAsyncClkGet
                0x00001648       0xb4 ./gecko_sdk_4.4.6/platform/emlib/src/em_cmu.o
 .text.sdioRefClkGet
                0x000016fc       0x88 ./gecko_sdk_4.4.6/platform/emlib/src/em_cmu.o
 .text.qspiRefClkGet
                0x00001784       0xa0 ./gecko_sdk_4.4.6/platform/emlib/src/em_cmu.o
 .text.usbRateClkGet
                0x00001824       0xa8 ./gecko_sdk_4.4.6/platform/emlib/src/em_cmu.o
 .text.lfClkGet
                0x000018cc      0x15c ./gecko_sdk_4.4.6/platform/emlib/src/em_cmu.o
 .text.syncReg  0x00001a28       0x30 ./gecko_sdk_4.4.6/platform/emlib/src/em_cmu.o
 .text.CMU_ClockEnable
                0x00001a58      0x170 ./gecko_sdk_4.4.6/platform/emlib/src/em_cmu.o
                0x00001a58                CMU_ClockEnable
 .text.CMU_ClockFreqGet
                0x00001bc8      0x47c ./gecko_sdk_4.4.6/platform/emlib/src/em_cmu.o
                0x00001bc8                CMU_ClockFreqGet
 .text.CMU_ClockPrescGet
                0x00002044      0x314 ./gecko_sdk_4.4.6/platform/emlib/src/em_cmu.o
                0x00002044                CMU_ClockPrescGet
 .text.CMU_ClockSelectGet
                0x00002358      0x3c0 ./gecko_sdk_4.4.6/platform/emlib/src/em_cmu.o
                0x00002358                CMU_ClockSelectGet
 .text.BUS_RegMaskedWrite
                0x00002718       0x48 ./gecko_sdk_4.4.6/platform/emlib/src/em_gpio.o
 .text.GPIO_PinOutClear
                0x00002760       0xd4 ./gecko_sdk_4.4.6/platform/emlib/src/em_gpio.o
 .text.GPIO_PinOutSet
                0x00002834       0xd4 ./gecko_sdk_4.4.6/platform/emlib/src/em_gpio.o
 .text.GPIO_PinModeSet
                0x00002908      0x170 ./gecko_sdk_4.4.6/platform/emlib/src/em_gpio.o
                0x00002908                GPIO_PinModeSet
 .text.exit     0x00002a78       0x24 c:/siliconlabs/simplicitystudio/v5/developer/toolchains/gnu_arm/12.2.rel1_2023.7/bin/../lib/gcc/arm-none-eabi/12.2.1/thumb/v7e-m+fp/softfp\libc_nano.a(libc_a-exit.o)
                0x00002a78                exit
 .text.__libc_init_array
                0x00002a9c       0x48 c:/siliconlabs/simplicitystudio/v5/developer/toolchains/gnu_arm/12.2.rel1_2023.7/bin/../lib/gcc/arm-none-eabi/12.2.1/thumb/v7e-m+fp/softfp\libc_nano.a(libc_a-init.o)
                0x00002a9c                __libc_init_array
 .text.prsRxInput
                0x00002ae4       0x20 ./em_usart.o
 .text.USART_Rx
                0x00002b04       0x1e ./em_usart.o
                0x00002b04                USART_Rx
 .text.USART_Tx
                0x00002b22       0x26 ./em_usart.o
                0x00002b22                USART_Tx
 .text.TIMER_IntClear
                0x00002b48       0x12 ./hw_timer.o
 .text.TIMER_IntEnable
                0x00002b5a       0x18 ./hw_timer.o
 .text.I2C_IntClear
                0x00002b72       0x12 ./i2c.o
 .text.BUS_RegMaskedSet
                0x00002b84       0x1a ./main.o
 .text.BUS_RegMaskedClear
                0x00002b9e       0x1a ./main.o
 .text.print_string
                0x00002bb8       0x2e ./usart.o
                0x00002bb8                print_string
 .text.USART_ReceiveChar
                0x00002be6       0x32 ./usart.o
                0x00002be6                USART_ReceiveChar
 .text.Default_Handler
                0x00002c18        0x4 ./gecko_sdk_4.4.6/platform/Device/SiliconLabs/EFM32GG11B/Source/startup_efm32gg11b.o
                0x00002c18                TIMER2_IRQHandler
                0x00002c18                TIMER5_IRQHandler
                0x00002c18                DebugMon_Handler
                0x00002c18                USART0_TX_IRQHandler
                0x00002c18                USART5_RX_IRQHandler
                0x00002c18                HardFault_Handler
                0x00002c18                LEUART1_IRQHandler
                0x00002c18                SysTick_Handler
                0x00002c18                SDIO_IRQHandler
                0x00002c18                USART1_RX_IRQHandler
                0x00002c18                PendSV_Handler
                0x00002c18                NMI_Handler
                0x00002c18                I2C1_IRQHandler
                0x00002c18                CAN1_IRQHandler
                0x00002c18                WTIMER0_IRQHandler
                0x00002c18                WTIMER3_IRQHandler
                0x00002c18                CRYPTO0_IRQHandler
                0x00002c18                WDOG0_IRQHandler
                0x00002c18                TIMER3_IRQHandler
                0x00002c18                USART1_TX_IRQHandler
                0x00002c18                USART4_RX_IRQHandler
                0x00002c18                SMU_IRQHandler
                0x00002c18                MSC_IRQHandler
                0x00002c18                ADC0_IRQHandler
                0x00002c18                UsageFault_Handler
                0x00002c18                WDOG1_IRQHandler
                0x00002c18                LEUART0_IRQHandler
                0x00002c18                TIMER4_IRQHandler
                0x00002c18                FPUEH_IRQHandler
                0x00002c18                WTIMER1_IRQHandler
                0x00002c18                GPIO_EVEN_IRQHandler
                0x00002c18                UART0_TX_IRQHandler
                0x00002c18                UART1_TX_IRQHandler
                0x00002c18                VDAC0_IRQHandler
                0x00002c18                QSPI0_IRQHandler
                0x00002c18                LDMA_IRQHandler
                0x00002c18                TIMER6_IRQHandler
                0x00002c18                CSEN_IRQHandler
                0x00002c18                ADC1_IRQHandler
                0x00002c18                I2C2_IRQHandler
                0x00002c18                RTC_IRQHandler
                0x00002c18                LCD_IRQHandler
                0x00002c18                PCNT2_IRQHandler
                0x00002c18                UART0_RX_IRQHandler
                0x00002c18                WTIMER2_IRQHandler
                0x00002c18                LETIMER0_IRQHandler
                0x00002c18                TRNG0_IRQHandler
                0x00002c18                USART2_RX_IRQHandler
                0x00002c18                Default_Handler
                0x00002c18                EMU_IRQHandler
                0x00002c18                CRYOTIMER_IRQHandler
                0x00002c18                PCNT0_IRQHandler
                0x00002c18                sl_app_properties
                0x00002c18                USB_IRQHandler
                0x00002c18                USART4_TX_IRQHandler
                0x00002c18                PCNT1_IRQHandler
                0x00002c18                ACMP0_IRQHandler
                0x00002c18                USART0_RX_IRQHandler
                0x00002c18                USART5_TX_IRQHandler
                0x00002c18                MemManage_Handler
                0x00002c18                SVC_Handler
                0x00002c18                USART3_RX_IRQHandler
                0x00002c18                RTCC_IRQHandler
                0x00002c18                UART1_RX_IRQHandler
                0x00002c18                ETH_IRQHandler
                0x00002c18                CMU_IRQHandler
                0x00002c18                EBI_IRQHandler
                0x00002c18                CAN0_IRQHandler
                0x00002c18                LESENSE_IRQHandler
                0x00002c18                GPIO_ODD_IRQHandler
                0x00002c18                USART3_TX_IRQHandler
                0x00002c18                LETIMER1_IRQHandler
                0x00002c18                ACMP2_IRQHandler
                0x00002c18                BusFault_Handler
                0x00002c18                USART2_TX_IRQHandler
                0x00002c18                IDAC0_IRQHandler
 .text.SystemLFRCOClockGet
                0x00002c1c        0x8 ./gecko_sdk_4.4.6/platform/Device/SiliconLabs/EFM32GG11B/Source/system_efm32gg11b.o
                0x00002c1c                SystemLFRCOClockGet
 .text.SystemULFRCOClockGet
                0x00002c24        0x8 ./gecko_sdk_4.4.6/platform/Device/SiliconLabs/EFM32GG11B/Source/system_efm32gg11b.o
                0x00002c24                SystemULFRCOClockGet
 .text.assertEFM
                0x00002c2c        0xa ./gecko_sdk_4.4.6/platform/common/src/sl_assert.o
                0x00002c2c                assertEFM
 .text._exit    0x00002c36        0x8 ./gecko_sdk_4.4.6/platform/common/src/sl_syscalls.o
                0x00002c36                _exit
 .text.CMU_ClockDivGet
                0x00002c3e       0x18 ./gecko_sdk_4.4.6/platform/emlib/src/em_cmu.o
                0x00002c3e                CMU_ClockDivGet
 .text.CORE_EnterCritical
                0x00002c56       0x18 ./gecko_sdk_4.4.6/platform/emlib/src/em_core.o
                0x00002c56                CORE_EnterCritical
 .text.CORE_ExitCritical
                0x00002c6e       0x14 ./gecko_sdk_4.4.6/platform/emlib/src/em_core.o
                0x00002c6e                CORE_ExitCritical
 .text.BUS_RegMaskedSet
                0x00002c82       0x1a ./gecko_sdk_4.4.6/platform/emlib/src/em_gpio.o
 .text.BUS_RegMaskedClear
                0x00002c9c       0x1a ./gecko_sdk_4.4.6/platform/emlib/src/em_gpio.o
 .text.memset   0x00002cb6       0x10 c:/siliconlabs/simplicitystudio/v5/developer/toolchains/gnu_arm/12.2.rel1_2023.7/bin/../lib/gcc/arm-none-eabi/12.2.1/thumb/v7e-m+fp/softfp\libc_nano.a(libc_a-memset.o)
                0x00002cb6                memset
                0x00002ce0                . = ALIGN (0x20)
 *fill*         0x00002cc6       0x1a 
                0x00002ce0                linker_code_end = .
 *(.init)
 .init          0x00002ce0        0x4 c:/siliconlabs/simplicitystudio/v5/developer/toolchains/gnu_arm/12.2.rel1_2023.7/bin/../lib/gcc/arm-none-eabi/12.2.1/thumb/v7e-m+fp/softfp/crti.o
                0x00002ce0                _init
 .init          0x00002ce4        0x8 c:/siliconlabs/simplicitystudio/v5/developer/toolchains/gnu_arm/12.2.rel1_2023.7/bin/../lib/gcc/arm-none-eabi/12.2.1/thumb/v7e-m+fp/softfp/crtn.o
 *(.fini)
 .fini          0x00002cec        0x4 c:/siliconlabs/simplicitystudio/v5/developer/toolchains/gnu_arm/12.2.rel1_2023.7/bin/../lib/gcc/arm-none-eabi/12.2.1/thumb/v7e-m+fp/softfp/crti.o
                0x00002cec                _fini
 .fini          0x00002cf0        0x8 c:/siliconlabs/simplicitystudio/v5/developer/toolchains/gnu_arm/12.2.rel1_2023.7/bin/../lib/gcc/arm-none-eabi/12.2.1/thumb/v7e-m+fp/softfp/crtn.o
 *crtbegin.o(.ctors)
 *crtbegin?.o(.ctors)
 *(EXCLUDE_FILE(*crtend.o *crtend?.o) .ctors)
 *(SORT_BY_NAME(.ctors.*))
 *(.ctors)
 *crtbegin.o(.dtors)
 *crtbegin?.o(.dtors)
 *(EXCLUDE_FILE(*crtend.o *crtend?.o) .dtors)
 *(SORT_BY_NAME(.dtors.*))
 *(.dtors)
                0x00002cf8                __code_classification_validator_start__ = .
                0x00002d18                . = (. + 0x20)
 *fill*         0x00002cf8       0x20 
 *(code_classification_validator)
                0x00002d20                . = ALIGN (0x20)
 *fill*         0x00002d18        0x8 
                0x00002d20                __code_classification_validator_end__ = .
 *(.rodata*)
 .rodata        0x00002d20       0xa4 ./em_timer.o
 .rodata        0x00002dc4       0x58 ./em_usart.o
 .rodata        0x00002e1c        0xe ./hw_timer.o
 *fill*         0x00002e2a        0x2 
 .rodata        0x00002e2c      0x337 ./main.o
 *fill*         0x00003163        0x1 
 .rodata        0x00003164       0x1c ./usart.o
 .rodata        0x00003180      0x162 ./gecko_sdk_4.4.6/platform/emlib/src/em_cmu.o
 *fill*         0x000032e2        0x2 
 .rodata        0x000032e4      0x107 ./gecko_sdk_4.4.6/platform/emlib/src/em_gpio.o
 *(.eh_frame*)
 *fill*         0x000033eb        0x1 
 .eh_frame      0x000033ec        0x0 c:/siliconlabs/simplicitystudio/v5/developer/toolchains/gnu_arm/12.2.rel1_2023.7/bin/../lib/gcc/arm-none-eabi/12.2.1/thumb/v7e-m+fp/softfp/crtbegin.o

.glue_7         0x000033ec        0x0
 .glue_7        0x000033ec        0x0 linker stubs

.glue_7t        0x000033ec        0x0
 .glue_7t       0x000033ec        0x0 linker stubs

.vfp11_veneer   0x000033ec        0x0
 .vfp11_veneer  0x000033ec        0x0 linker stubs

.v4_bx          0x000033ec        0x0
 .v4_bx         0x000033ec        0x0 linker stubs

.iplt           0x000033ec        0x0
 .iplt          0x000033ec        0x0 c:/siliconlabs/simplicitystudio/v5/developer/toolchains/gnu_arm/12.2.rel1_2023.7/bin/../lib/gcc/arm-none-eabi/12.2.1/thumb/v7e-m+fp/softfp/crtbegin.o

.ARM.extab
 *(.ARM.extab* .gnu.linkonce.armextab.*)
                0x000033ec                __exidx_start = .

.ARM.exidx      0x000033ec        0x8
 *(.ARM.exidx* .gnu.linkonce.armexidx.*)
 .ARM.exidx     0x000033ec        0x8 c:/siliconlabs/simplicitystudio/v5/developer/toolchains/gnu_arm/12.2.rel1_2023.7/bin/../lib/gcc/arm-none-eabi/12.2.1/thumb/v7e-m+fp/softfp/crt0.o
                                 0x10 (size before relaxing)
                0x000033f4                __exidx_end = .

.rel.dyn        0x000033f4        0x0
 .rel.iplt      0x000033f4        0x0 c:/siliconlabs/simplicitystudio/v5/developer/toolchains/gnu_arm/12.2.rel1_2023.7/bin/../lib/gcc/arm-none-eabi/12.2.1/thumb/v7e-m+fp/softfp/crtbegin.o

.copy.table     0x000033f4        0xc
                0x000033f4                . = ALIGN (0x4)
                0x000033f4                __copy_table_start__ = .
                0x000033f4        0x4 LONG 0x3400 __etext
                0x000033f8        0x4 LONG 0x20001000 __data_start__
                0x000033fc        0x4 LONG 0x7 ((__data_end__ - __data_start__) / 0x4)
                0x00003400                __copy_table_end__ = .

.zero.table     0x00003400        0x0
                0x00003400                . = ALIGN (0x4)
                0x00003400                __zero_table_start__ = .
                0x00003400                __zero_table_end__ = .
                0x00003400                __etext = .
                0x20000000                . = ORIGIN (RAM)

.stack          0x20000000     0x1000
                0x20000000                __StackLimit = .
 *(.stack*)
 .stack         0x20000000     0x1000 ./gecko_sdk_4.4.6/platform/common/toolchain/src/sl_memory.o
                0x20001000                . = ALIGN (0x4)
                0x20001000                __StackTop = .
                0x20001000                PROVIDE (__stack = __StackTop)

.noinit
 *(.noinit*)

.data           0x20001000       0x1c load address 0x00003400
                0x20001000                . = ALIGN (0x4)
                0x20001000                __data_start__ = .
 *(vtable)
 *(SORT_BY_ALIGNMENT(.data*))
 .data.SystemHFXOClock
                0x20001000        0x4 ./gecko_sdk_4.4.6/platform/Device/SiliconLabs/EFM32GG11B/Source/system_efm32gg11b.o
 .data.SystemLFXOClock
                0x20001004        0x4 ./gecko_sdk_4.4.6/platform/Device/SiliconLabs/EFM32GG11B/Source/system_efm32gg11b.o
 .data.SystemHfrcoFreq
                0x20001008        0x4 ./gecko_sdk_4.4.6/platform/Device/SiliconLabs/EFM32GG11B/Source/system_efm32gg11b.o
                0x20001008                SystemHfrcoFreq
 .data.auxHfrcoFreq
                0x2000100c        0x4 ./gecko_sdk_4.4.6/platform/emlib/src/em_cmu.o
 .data.ushfrcoFreq
                0x20001010        0x4 ./gecko_sdk_4.4.6/platform/emlib/src/em_cmu.o
                0x20001014                . = ALIGN (0x4)
                [!provide]                PROVIDE (__ram_func_section_start = .)
 *(.ram)
                [!provide]                PROVIDE (__ram_func_section_end = .)
                0x20001014                . = ALIGN (0x4)
                0x20001014                PROVIDE (__preinit_array_start = .)
 *(.preinit_array)
                0x20001014                PROVIDE (__preinit_array_end = .)
                0x20001014                . = ALIGN (0x4)
                0x20001014                PROVIDE (__init_array_start = .)
 *(SORT_BY_NAME(.init_array.*))
 *(.init_array)
 .init_array    0x20001014        0x4 c:/siliconlabs/simplicitystudio/v5/developer/toolchains/gnu_arm/12.2.rel1_2023.7/bin/../lib/gcc/arm-none-eabi/12.2.1/thumb/v7e-m+fp/softfp/crtbegin.o
                0x20001018                PROVIDE (__init_array_end = .)
                0x20001018                . = ALIGN (0x4)
                [!provide]                PROVIDE (__fini_array_start = .)
 *(SORT_BY_NAME(.fini_array.*))
 *(.fini_array)
 .fini_array    0x20001018        0x4 c:/siliconlabs/simplicitystudio/v5/developer/toolchains/gnu_arm/12.2.rel1_2023.7/bin/../lib/gcc/arm-none-eabi/12.2.1/thumb/v7e-m+fp/softfp/crtbegin.o
                [!provide]                PROVIDE (__fini_array_end = .)
                0x2000101c                . = ALIGN (0x4)
                0x2000101c                __data_end__ = .

.tm_clone_table
                0x2000101c        0x0 load address 0x0000341c
 .tm_clone_table
                0x2000101c        0x0 c:/siliconlabs/simplicitystudio/v5/developer/toolchains/gnu_arm/12.2.rel1_2023.7/bin/../lib/gcc/arm-none-eabi/12.2.1/thumb/v7e-m+fp/softfp/crtbegin.o
 .tm_clone_table
                0x2000101c        0x0 c:/siliconlabs/simplicitystudio/v5/developer/toolchains/gnu_arm/12.2.rel1_2023.7/bin/../lib/gcc/arm-none-eabi/12.2.1/thumb/v7e-m+fp/softfp/crtend.o

.igot.plt       0x2000101c        0x0 load address 0x0000341c
 .igot.plt      0x2000101c        0x0 c:/siliconlabs/simplicitystudio/v5/developer/toolchains/gnu_arm/12.2.rel1_2023.7/bin/../lib/gcc/arm-none-eabi/12.2.1/thumb/v7e-m+fp/softfp/crtbegin.o

.bss            0x2000101c       0x30 load address 0x0000341c
                0x2000101c                . = ALIGN (0x4)
                0x2000101c                __bss_start__ = .
 *(SORT_BY_ALIGNMENT(.bss*))
 .bss.object.0  0x2000101c       0x18 c:/siliconlabs/simplicitystudio/v5/developer/toolchains/gnu_arm/12.2.rel1_2023.7/bin/../lib/gcc/arm-none-eabi/12.2.1/thumb/v7e-m+fp/softfp/crtbegin.o
 .bss.i2c_rxBuffer
                0x20001034        0xa ./i2c.o
                0x20001034                i2c_rxBuffer
 *fill*         0x2000103e        0x2 
 .bss.__stdio_exit_handler
                0x20001040        0x4 c:/siliconlabs/simplicitystudio/v5/developer/toolchains/gnu_arm/12.2.rel1_2023.7/bin/../lib/gcc/arm-none-eabi/12.2.1/thumb/v7e-m+fp/softfp\libc_nano.a(libc_a-findfp.o)
                0x20001040                __stdio_exit_handler
 .bss.completed.1
                0x20001044        0x1 c:/siliconlabs/simplicitystudio/v5/developer/toolchains/gnu_arm/12.2.rel1_2023.7/bin/../lib/gcc/arm-none-eabi/12.2.1/thumb/v7e-m+fp/softfp/crtbegin.o
 .bss.timer0Expired
                0x20001045        0x1 ./hw_timer.o
                0x20001045                timer0Expired
 .bss.timer1Expired
                0x20001046        0x1 ./hw_timer.o
                0x20001046                timer1Expired
 .bss.i2c_rxBufferIndex
                0x20001047        0x1 ./i2c.o
                0x20001047                i2c_rxBufferIndex
 .bss.i2c_rxInProgress
                0x20001048        0x1 ./i2c.o
                0x20001048                i2c_rxInProgress
 *(COMMON)
                0x2000104c                . = ALIGN (0x4)
 *fill*         0x20001049        0x3 
                0x2000104c                __bss_end__ = .
                0x2000104c                __ramfuncs_start__ = .
                0x2000104c                __vma_ramfuncs_start__ = .
                0x0000341c                __lma_ramfuncs_start__ = (__etext + SIZEOF (.data))
                0x00000000                __text_application_ram_offset__ = (. - __vma_ramfuncs_start__)

text_application_ram
                0x2000104c        0x0 load address 0x0000341c
                0x2000104c                . = ALIGN (0x4)
                0x2000104c                __text_application_ram_start__ = .
 *(text_application_ram)
                0x2000104c                . = ALIGN (0x4)
                0x2000104c                __text_application_ram_end__ = .
                0x2000104c                . = ALIGN (0x4)
                0x2000104c                __vma_ramfuncs_end__ = .
                0x0000341c                __lma_ramfuncs_end__ = ((__lma_ramfuncs_start__ + __text_application_ram_offset__) + SIZEOF (text_application_ram))
                0x2000104c                __ramfuncs_end__ = .

.heap           0x20001050      0x800
                0x20001050                __HeapBase = .
                0x20001050                __end__ = .
                0x20001050                end = __end__
                0x20001050                _end = __end__
 *(.heap*)
 .heap          0x20001050      0x800 ./gecko_sdk_4.4.6/platform/common/toolchain/src/sl_memory.o
                0x20080000                __HeapLimit = (ORIGIN (RAM) + LENGTH (RAM))
                0x0007efb0                __heap_size = (__HeapLimit - __HeapBase)
                0x20080000                __ram_end__ = 0x20080000
                0x00200000                __main_flash_end__ = 0x200000

.internal_storage
 *(.internal_storage*)

.nvm
 *(.simee*)
                0x00200000                linker_nvm_end = __main_flash_end__
                0x00200000                linker_nvm_begin = (linker_nvm_end - SIZEOF (.nvm))
                0x00000000                linker_nvm_size = SIZEOF (.nvm)
                0x00200000                linker_storage_end = linker_nvm_begin
                0x00200000                __nvm3Base = linker_nvm_begin
                0x00200000                linker_storage_begin = (linker_storage_end - SIZEOF (.internal_storage))
                0x00000000                linker_storage_size = SIZEOF (.internal_storage)
                0x00000001                ASSERT ((linker_storage_begin >= (__etext + SIZEOF (.data))), FLASH memory overflowed !)
OUTPUT(ARL_UART.axf elf32-littlearm)
LOAD linker stubs

.ARM.attributes
                0x00000000       0x2e
 .ARM.attributes
                0x00000000       0x22 c:/siliconlabs/simplicitystudio/v5/developer/toolchains/gnu_arm/12.2.rel1_2023.7/bin/../lib/gcc/arm-none-eabi/12.2.1/thumb/v7e-m+fp/softfp/crti.o
 .ARM.attributes
                0x00000022       0x32 c:/siliconlabs/simplicitystudio/v5/developer/toolchains/gnu_arm/12.2.rel1_2023.7/bin/../lib/gcc/arm-none-eabi/12.2.1/thumb/v7e-m+fp/softfp/crtbegin.o
 .ARM.attributes
                0x00000054       0x20 c:/siliconlabs/simplicitystudio/v5/developer/toolchains/gnu_arm/12.2.rel1_2023.7/bin/../lib/gcc/arm-none-eabi/12.2.1/thumb/v7e-m+fp/softfp/crt0.o
 .ARM.attributes
                0x00000074       0x32 ./em_timer.o
 .ARM.attributes
                0x000000a6       0x32 ./em_usart.o
 .ARM.attributes
                0x000000d8       0x32 ./hw_timer.o
 .ARM.attributes
                0x0000010a       0x32 ./i2c.o
 .ARM.attributes
                0x0000013c       0x32 ./main.o
 .ARM.attributes
                0x0000016e       0x32 ./usart.o
 .ARM.attributes
                0x000001a0       0x32 ./gecko_sdk_4.4.6/platform/Device/SiliconLabs/EFM32GG11B/Source/startup_efm32gg11b.o
 .ARM.attributes
                0x000001d2       0x32 ./gecko_sdk_4.4.6/platform/Device/SiliconLabs/EFM32GG11B/Source/system_efm32gg11b.o
 .ARM.attributes
                0x00000204       0x32 ./gecko_sdk_4.4.6/platform/common/src/sl_assert.o
 .ARM.attributes
                0x00000236       0x32 ./gecko_sdk_4.4.6/platform/common/src/sl_syscalls.o
 .ARM.attributes
                0x00000268       0x32 ./gecko_sdk_4.4.6/platform/common/toolchain/src/sl_memory.o
 .ARM.attributes
                0x0000029a       0x32 ./gecko_sdk_4.4.6/platform/emlib/src/em_cmu.o
 .ARM.attributes
                0x000002cc       0x32 ./gecko_sdk_4.4.6/platform/emlib/src/em_core.o
 .ARM.attributes
                0x000002fe       0x32 ./gecko_sdk_4.4.6/platform/emlib/src/em_gpio.o
 .ARM.attributes
                0x00000330       0x32 c:/siliconlabs/simplicitystudio/v5/developer/toolchains/gnu_arm/12.2.rel1_2023.7/bin/../lib/gcc/arm-none-eabi/12.2.1/thumb/v7e-m+fp/softfp\libc_nano.a(libc_a-exit.o)
 .ARM.attributes
                0x00000362       0x32 c:/siliconlabs/simplicitystudio/v5/developer/toolchains/gnu_arm/12.2.rel1_2023.7/bin/../lib/gcc/arm-none-eabi/12.2.1/thumb/v7e-m+fp/softfp\libc_nano.a(libc_a-findfp.o)
 .ARM.attributes
                0x00000394       0x32 c:/siliconlabs/simplicitystudio/v5/developer/toolchains/gnu_arm/12.2.rel1_2023.7/bin/../lib/gcc/arm-none-eabi/12.2.1/thumb/v7e-m+fp/softfp\libc_nano.a(libc_a-memset.o)
 .ARM.attributes
                0x000003c6       0x32 c:/siliconlabs/simplicitystudio/v5/developer/toolchains/gnu_arm/12.2.rel1_2023.7/bin/../lib/gcc/arm-none-eabi/12.2.1/thumb/v7e-m+fp/softfp\libc_nano.a(libc_a-init.o)
 .ARM.attributes
                0x000003f8       0x32 c:/siliconlabs/simplicitystudio/v5/developer/toolchains/gnu_arm/12.2.rel1_2023.7/bin/../lib/gcc/arm-none-eabi/12.2.1/thumb/v7e-m+fp/softfp/crtend.o
 .ARM.attributes
                0x0000042a       0x22 c:/siliconlabs/simplicitystudio/v5/developer/toolchains/gnu_arm/12.2.rel1_2023.7/bin/../lib/gcc/arm-none-eabi/12.2.1/thumb/v7e-m+fp/softfp/crtn.o

.comment        0x00000000       0x45
 .comment       0x00000000       0x45 ./em_timer.o
                                 0x46 (size before relaxing)
 .comment       0x00000045       0x46 ./em_usart.o
 .comment       0x00000045       0x46 ./hw_timer.o
 .comment       0x00000045       0x46 ./i2c.o
 .comment       0x00000045       0x46 ./main.o
 .comment       0x00000045       0x46 ./usart.o
 .comment       0x00000045       0x46 ./gecko_sdk_4.4.6/platform/Device/SiliconLabs/EFM32GG11B/Source/startup_efm32gg11b.o
 .comment       0x00000045       0x46 ./gecko_sdk_4.4.6/platform/Device/SiliconLabs/EFM32GG11B/Source/system_efm32gg11b.o
 .comment       0x00000045       0x46 ./gecko_sdk_4.4.6/platform/common/src/sl_assert.o
 .comment       0x00000045       0x46 ./gecko_sdk_4.4.6/platform/common/src/sl_syscalls.o
 .comment       0x00000045       0x46 ./gecko_sdk_4.4.6/platform/common/toolchain/src/sl_memory.o
 .comment       0x00000045       0x46 ./gecko_sdk_4.4.6/platform/emlib/src/em_cmu.o
 .comment       0x00000045       0x46 ./gecko_sdk_4.4.6/platform/emlib/src/em_core.o
 .comment       0x00000045       0x46 ./gecko_sdk_4.4.6/platform/emlib/src/em_gpio.o

.debug_line_str
                0x00000000       0xe5
 .debug_line_str
                0x00000000       0xe5 c:/siliconlabs/simplicitystudio/v5/developer/toolchains/gnu_arm/12.2.rel1_2023.7/bin/../lib/gcc/arm-none-eabi/12.2.1/thumb/v7e-m+fp/softfp/crt0.o

.debug_info     0x00000000     0xaf1c
 .debug_info    0x00000000      0xa68 ./em_timer.o
 .debug_info    0x00000a68     0x1253 ./em_usart.o
 .debug_info    0x00001cbb      0xe07 ./hw_timer.o
 .debug_info    0x00002ac2      0xbc0 ./i2c.o
 .debug_info    0x00003682     0x138b ./main.o
 .debug_info    0x00004a0d      0x6be ./usart.o
 .debug_info    0x000050cb      0x2ff ./gecko_sdk_4.4.6/platform/Device/SiliconLabs/EFM32GG11B/Source/startup_efm32gg11b.o
 .debug_info    0x000053ca      0xa21 ./gecko_sdk_4.4.6/platform/Device/SiliconLabs/EFM32GG11B/Source/system_efm32gg11b.o
 .debug_info    0x00005deb       0x7d ./gecko_sdk_4.4.6/platform/common/src/sl_assert.o
 .debug_info    0x00005e68      0x2e9 ./gecko_sdk_4.4.6/platform/common/src/sl_syscalls.o
 .debug_info    0x00006151      0x1f4 ./gecko_sdk_4.4.6/platform/common/toolchain/src/sl_memory.o
 .debug_info    0x00006345     0x30b4 ./gecko_sdk_4.4.6/platform/emlib/src/em_cmu.o
 .debug_info    0x000093f9      0xf0b ./gecko_sdk_4.4.6/platform/emlib/src/em_core.o
 .debug_info    0x0000a304      0xc18 ./gecko_sdk_4.4.6/platform/emlib/src/em_gpio.o

.debug_abbrev   0x00000000     0x1ca3
 .debug_abbrev  0x00000000      0x219 ./em_timer.o
 .debug_abbrev  0x00000219      0x273 ./em_usart.o
 .debug_abbrev  0x0000048c      0x29c ./hw_timer.o
 .debug_abbrev  0x00000728      0x22a ./i2c.o
 .debug_abbrev  0x00000952      0x271 ./main.o
 .debug_abbrev  0x00000bc3      0x1c1 ./usart.o
 .debug_abbrev  0x00000d84      0x1b7 ./gecko_sdk_4.4.6/platform/Device/SiliconLabs/EFM32GG11B/Source/startup_efm32gg11b.o
 .debug_abbrev  0x00000f3b      0x1fe ./gecko_sdk_4.4.6/platform/Device/SiliconLabs/EFM32GG11B/Source/system_efm32gg11b.o
 .debug_abbrev  0x00001139       0x69 ./gecko_sdk_4.4.6/platform/common/src/sl_assert.o
 .debug_abbrev  0x000011a2       0xd9 ./gecko_sdk_4.4.6/platform/common/src/sl_syscalls.o
 .debug_abbrev  0x0000127b      0x107 ./gecko_sdk_4.4.6/platform/common/toolchain/src/sl_memory.o
 .debug_abbrev  0x00001382      0x424 ./gecko_sdk_4.4.6/platform/emlib/src/em_cmu.o
 .debug_abbrev  0x000017a6      0x2c8 ./gecko_sdk_4.4.6/platform/emlib/src/em_core.o
 .debug_abbrev  0x00001a6e      0x235 ./gecko_sdk_4.4.6/platform/emlib/src/em_gpio.o

.debug_loc      0x00000000     0x2535
 .debug_loc     0x00000000      0x1e0 ./em_timer.o
 .debug_loc     0x000001e0      0x479 ./em_usart.o
 .debug_loc     0x00000659      0x254 ./hw_timer.o
 .debug_loc     0x000008ad      0x1e4 ./i2c.o
 .debug_loc     0x00000a91      0x134 ./main.o
 .debug_loc     0x00000bc5       0xe0 ./usart.o
 .debug_loc     0x00000ca5       0x2c ./gecko_sdk_4.4.6/platform/Device/SiliconLabs/EFM32GG11B/Source/startup_efm32gg11b.o
 .debug_loc     0x00000cd1       0xd4 ./gecko_sdk_4.4.6/platform/Device/SiliconLabs/EFM32GG11B/Source/system_efm32gg11b.o
 .debug_loc     0x00000da5       0x20 ./gecko_sdk_4.4.6/platform/common/src/sl_assert.o
 .debug_loc     0x00000dc5      0x180 ./gecko_sdk_4.4.6/platform/common/src/sl_syscalls.o
 .debug_loc     0x00000f45       0x84 ./gecko_sdk_4.4.6/platform/common/toolchain/src/sl_memory.o
 .debug_loc     0x00000fc9      0xdc4 ./gecko_sdk_4.4.6/platform/emlib/src/em_cmu.o
 .debug_loc     0x00001d8d      0x490 ./gecko_sdk_4.4.6/platform/emlib/src/em_core.o
 .debug_loc     0x0000221d      0x318 ./gecko_sdk_4.4.6/platform/emlib/src/em_gpio.o

.debug_aranges  0x00000000      0x828
 .debug_aranges
                0x00000000       0x60 ./em_timer.o
 .debug_aranges
                0x00000060       0xd0 ./em_usart.o
 .debug_aranges
                0x00000130       0x80 ./hw_timer.o
 .debug_aranges
                0x000001b0       0x78 ./i2c.o
 .debug_aranges
                0x00000228       0x58 ./main.o
 .debug_aranges
                0x00000280       0x38 ./usart.o
 .debug_aranges
                0x000002b8       0x28 ./gecko_sdk_4.4.6/platform/Device/SiliconLabs/EFM32GG11B/Source/startup_efm32gg11b.o
 .debug_aranges
                0x000002e0       0x68 ./gecko_sdk_4.4.6/platform/Device/SiliconLabs/EFM32GG11B/Source/system_efm32gg11b.o
 .debug_aranges
                0x00000348       0x20 ./gecko_sdk_4.4.6/platform/common/src/sl_assert.o
 .debug_aranges
                0x00000368       0x68 ./gecko_sdk_4.4.6/platform/common/src/sl_syscalls.o
 .debug_aranges
                0x000003d0       0x30 ./gecko_sdk_4.4.6/platform/common/toolchain/src/sl_memory.o
 .debug_aranges
                0x00000400      0x2b0 ./gecko_sdk_4.4.6/platform/emlib/src/em_cmu.o
 .debug_aranges
                0x000006b0       0xe8 ./gecko_sdk_4.4.6/platform/emlib/src/em_core.o
 .debug_aranges
                0x00000798       0x90 ./gecko_sdk_4.4.6/platform/emlib/src/em_gpio.o

.debug_ranges   0x00000000      0x748
 .debug_ranges  0x00000000       0x50 ./em_timer.o
 .debug_ranges  0x00000050       0xc0 ./em_usart.o
 .debug_ranges  0x00000110       0x70 ./hw_timer.o
 .debug_ranges  0x00000180       0x68 ./i2c.o
 .debug_ranges  0x000001e8       0x48 ./main.o
 .debug_ranges  0x00000230       0x28 ./usart.o
 .debug_ranges  0x00000258       0x18 ./gecko_sdk_4.4.6/platform/Device/SiliconLabs/EFM32GG11B/Source/startup_efm32gg11b.o
 .debug_ranges  0x00000270       0x58 ./gecko_sdk_4.4.6/platform/Device/SiliconLabs/EFM32GG11B/Source/system_efm32gg11b.o
 .debug_ranges  0x000002c8       0x10 ./gecko_sdk_4.4.6/platform/common/src/sl_assert.o
 .debug_ranges  0x000002d8       0x58 ./gecko_sdk_4.4.6/platform/common/src/sl_syscalls.o
 .debug_ranges  0x00000330       0x20 ./gecko_sdk_4.4.6/platform/common/toolchain/src/sl_memory.o
 .debug_ranges  0x00000350      0x2a0 ./gecko_sdk_4.4.6/platform/emlib/src/em_cmu.o
 .debug_ranges  0x000005f0       0xd8 ./gecko_sdk_4.4.6/platform/emlib/src/em_core.o
 .debug_ranges  0x000006c8       0x80 ./gecko_sdk_4.4.6/platform/emlib/src/em_gpio.o

.debug_line     0x00000000     0x661d
 .debug_line    0x00000000      0x858 ./em_timer.o
 .debug_line    0x00000858      0xa84 ./em_usart.o
 .debug_line    0x000012dc      0x52c ./hw_timer.o
 .debug_line    0x00001808      0x499 ./i2c.o
 .debug_line    0x00001ca1      0x607 ./main.o
 .debug_line    0x000022a8      0x340 ./usart.o
 .debug_line    0x000025e8      0x304 ./gecko_sdk_4.4.6/platform/Device/SiliconLabs/EFM32GG11B/Source/startup_efm32gg11b.o
 .debug_line    0x000028ec      0x411 ./gecko_sdk_4.4.6/platform/Device/SiliconLabs/EFM32GG11B/Source/system_efm32gg11b.o
 .debug_line    0x00002cfd       0x93 ./gecko_sdk_4.4.6/platform/common/src/sl_assert.o
 .debug_line    0x00002d90      0x16a ./gecko_sdk_4.4.6/platform/common/src/sl_syscalls.o
 .debug_line    0x00002efa      0x2d9 ./gecko_sdk_4.4.6/platform/common/toolchain/src/sl_memory.o
 .debug_line    0x000031d3     0x2260 ./gecko_sdk_4.4.6/platform/emlib/src/em_cmu.o
 .debug_line    0x00005433      0x940 ./gecko_sdk_4.4.6/platform/emlib/src/em_core.o
 .debug_line    0x00005d73      0x8aa ./gecko_sdk_4.4.6/platform/emlib/src/em_gpio.o

.debug_str      0x00000000     0x46d1
 .debug_str     0x00000000      0x984 ./em_timer.o
                                0x9ee (size before relaxing)
 .debug_str     0x00000984      0xdc2 ./em_usart.o
                               0x1011 (size before relaxing)
 .debug_str     0x00001746      0x4d1 ./hw_timer.o
                                0xf34 (size before relaxing)
 .debug_str     0x00001c17      0x311 ./i2c.o
                                0x9e1 (size before relaxing)
 .debug_str     0x00001f28      0x7d3 ./main.o
                               0x1003 (size before relaxing)
 .debug_str     0x000026fb        0xb ./usart.o
                                0x6c4 (size before relaxing)
 .debug_str     0x00002706      0x172 ./gecko_sdk_4.4.6/platform/Device/SiliconLabs/EFM32GG11B/Source/startup_efm32gg11b.o
                                0x355 (size before relaxing)
 .debug_str     0x00002878      0x161 ./gecko_sdk_4.4.6/platform/Device/SiliconLabs/EFM32GG11B/Source/system_efm32gg11b.o
                                0x726 (size before relaxing)
 .debug_str     0x000029d9       0x64 ./gecko_sdk_4.4.6/platform/common/src/sl_assert.o
                                0x1b7 (size before relaxing)
 .debug_str     0x00002a3d       0xb9 ./gecko_sdk_4.4.6/platform/common/src/sl_syscalls.o
                                0x297 (size before relaxing)
 .debug_str     0x00002af6      0x105 ./gecko_sdk_4.4.6/platform/common/toolchain/src/sl_memory.o
                                0x2f1 (size before relaxing)
 .debug_str     0x00002bfb     0x15d9 ./gecko_sdk_4.4.6/platform/emlib/src/em_cmu.o
                               0x225b (size before relaxing)
 .debug_str     0x000041d4      0x37d ./gecko_sdk_4.4.6/platform/emlib/src/em_core.o
                                0xa3f (size before relaxing)
 .debug_str     0x00004551      0x180 ./gecko_sdk_4.4.6/platform/emlib/src/em_gpio.o
                                0x8f0 (size before relaxing)

.debug_frame    0x00000000     0x1830
 .debug_frame   0x00000000      0x104 ./em_timer.o
 .debug_frame   0x00000104      0x274 ./em_usart.o
 .debug_frame   0x00000378      0x15c ./hw_timer.o
 .debug_frame   0x000004d4      0x138 ./i2c.o
 .debug_frame   0x0000060c       0xd0 ./main.o
 .debug_frame   0x000006dc       0x84 ./usart.o
 .debug_frame   0x00000760       0x38 ./gecko_sdk_4.4.6/platform/Device/SiliconLabs/EFM32GG11B/Source/startup_efm32gg11b.o
 .debug_frame   0x00000798       0xdc ./gecko_sdk_4.4.6/platform/Device/SiliconLabs/EFM32GG11B/Source/system_efm32gg11b.o
 .debug_frame   0x00000874       0x24 ./gecko_sdk_4.4.6/platform/common/src/sl_assert.o
 .debug_frame   0x00000898       0xf4 ./gecko_sdk_4.4.6/platform/common/src/sl_syscalls.o
 .debug_frame   0x0000098c       0x58 ./gecko_sdk_4.4.6/platform/common/toolchain/src/sl_memory.o
 .debug_frame   0x000009e4      0x850 ./gecko_sdk_4.4.6/platform/emlib/src/em_cmu.o
 .debug_frame   0x00001234      0x2a0 ./gecko_sdk_4.4.6/platform/emlib/src/em_core.o
 .debug_frame   0x000014d4      0x1a4 ./gecko_sdk_4.4.6/platform/emlib/src/em_gpio.o
 .debug_frame   0x00001678       0x28 c:/siliconlabs/simplicitystudio/v5/developer/toolchains/gnu_arm/12.2.rel1_2023.7/bin/../lib/gcc/arm-none-eabi/12.2.1/thumb/v7e-m+fp/softfp\libc_nano.a(libc_a-exit.o)
 .debug_frame   0x000016a0      0x144 c:/siliconlabs/simplicitystudio/v5/developer/toolchains/gnu_arm/12.2.rel1_2023.7/bin/../lib/gcc/arm-none-eabi/12.2.1/thumb/v7e-m+fp/softfp\libc_nano.a(libc_a-findfp.o)
 .debug_frame   0x000017e4       0x20 c:/siliconlabs/simplicitystudio/v5/developer/toolchains/gnu_arm/12.2.rel1_2023.7/bin/../lib/gcc/arm-none-eabi/12.2.1/thumb/v7e-m+fp/softfp\libc_nano.a(libc_a-memset.o)
 .debug_frame   0x00001804       0x2c c:/siliconlabs/simplicitystudio/v5/developer/toolchains/gnu_arm/12.2.rel1_2023.7/bin/../lib/gcc/arm-none-eabi/12.2.1/thumb/v7e-m+fp/softfp\libc_nano.a(libc_a-init.o)
