Archive member included to satisfy reference by file (symbol)

c:/siliconlabs/simplicitystudio/v5/developer/toolchains/gnu_arm/12.2.rel1_2023.7/bin/../lib/gcc/arm-none-eabi/12.2.1/thumb/v7e-m+fp/softfp\libgcc.a(_aeabi_uldivmod.o)
                              ./em_usart.o (__aeabi_uldivmod)
c:/siliconlabs/simplicitystudio/v5/developer/toolchains/gnu_arm/12.2.rel1_2023.7/bin/../lib/gcc/arm-none-eabi/12.2.1/thumb/v7e-m+fp/softfp\libgcc.a(_udivmoddi4.o)
                              c:/siliconlabs/simplicitystudio/v5/developer/toolchains/gnu_arm/12.2.rel1_2023.7/bin/../lib/gcc/arm-none-eabi/12.2.1/thumb/v7e-m+fp/softfp\libgcc.a(_aeabi_uldivmod.o) (__udivmoddi4)
c:/siliconlabs/simplicitystudio/v5/developer/toolchains/gnu_arm/12.2.rel1_2023.7/bin/../lib/gcc/arm-none-eabi/12.2.1/thumb/v7e-m+fp/softfp\libgcc.a(_dvmd_tls.o)
                              c:/siliconlabs/simplicitystudio/v5/developer/toolchains/gnu_arm/12.2.rel1_2023.7/bin/../lib/gcc/arm-none-eabi/12.2.1/thumb/v7e-m+fp/softfp\libgcc.a(_aeabi_uldivmod.o) (__aeabi_ldiv0)
c:/siliconlabs/simplicitystudio/v5/developer/toolchains/gnu_arm/12.2.rel1_2023.7/bin/../lib/gcc/arm-none-eabi/12.2.1/thumb/v7e-m+fp/softfp\libc_nano.a(libc_a-exit.o)
                              c:/siliconlabs/simplicitystudio/v5/developer/toolchains/gnu_arm/12.2.rel1_2023.7/bin/../lib/gcc/arm-none-eabi/12.2.1/thumb/v7e-m+fp/softfp/crt0.o (exit)
c:/siliconlabs/simplicitystudio/v5/developer/toolchains/gnu_arm/12.2.rel1_2023.7/bin/../lib/gcc/arm-none-eabi/12.2.1/thumb/v7e-m+fp/softfp\libc_nano.a(libc_a-findfp.o)
                              c:/siliconlabs/simplicitystudio/v5/developer/toolchains/gnu_arm/12.2.rel1_2023.7/bin/../lib/gcc/arm-none-eabi/12.2.1/thumb/v7e-m+fp/softfp\libc_nano.a(libc_a-exit.o) (__stdio_exit_handler)
c:/siliconlabs/simplicitystudio/v5/developer/toolchains/gnu_arm/12.2.rel1_2023.7/bin/../lib/gcc/arm-none-eabi/12.2.1/thumb/v7e-m+fp/softfp\libc_nano.a(libc_a-fwalk.o)
                              c:/siliconlabs/simplicitystudio/v5/developer/toolchains/gnu_arm/12.2.rel1_2023.7/bin/../lib/gcc/arm-none-eabi/12.2.1/thumb/v7e-m+fp/softfp\libc_nano.a(libc_a-findfp.o) (_fwalk_sglue)
c:/siliconlabs/simplicitystudio/v5/developer/toolchains/gnu_arm/12.2.rel1_2023.7/bin/../lib/gcc/arm-none-eabi/12.2.1/thumb/v7e-m+fp/softfp\libc_nano.a(libc_a-stdio.o)
                              c:/siliconlabs/simplicitystudio/v5/developer/toolchains/gnu_arm/12.2.rel1_2023.7/bin/../lib/gcc/arm-none-eabi/12.2.1/thumb/v7e-m+fp/softfp\libc_nano.a(libc_a-findfp.o) (__sread)
c:/siliconlabs/simplicitystudio/v5/developer/toolchains/gnu_arm/12.2.rel1_2023.7/bin/../lib/gcc/arm-none-eabi/12.2.1/thumb/v7e-m+fp/softfp\libc_nano.a(libc_a-memset.o)
                              c:/siliconlabs/simplicitystudio/v5/developer/toolchains/gnu_arm/12.2.rel1_2023.7/bin/../lib/gcc/arm-none-eabi/12.2.1/thumb/v7e-m+fp/softfp/crt0.o (memset)
c:/siliconlabs/simplicitystudio/v5/developer/toolchains/gnu_arm/12.2.rel1_2023.7/bin/../lib/gcc/arm-none-eabi/12.2.1/thumb/v7e-m+fp/softfp\libc_nano.a(libc_a-closer.o)
                              c:/siliconlabs/simplicitystudio/v5/developer/toolchains/gnu_arm/12.2.rel1_2023.7/bin/../lib/gcc/arm-none-eabi/12.2.1/thumb/v7e-m+fp/softfp\libc_nano.a(libc_a-stdio.o) (_close_r)
c:/siliconlabs/simplicitystudio/v5/developer/toolchains/gnu_arm/12.2.rel1_2023.7/bin/../lib/gcc/arm-none-eabi/12.2.1/thumb/v7e-m+fp/softfp\libc_nano.a(libc_a-reent.o)
                              c:/siliconlabs/simplicitystudio/v5/developer/toolchains/gnu_arm/12.2.rel1_2023.7/bin/../lib/gcc/arm-none-eabi/12.2.1/thumb/v7e-m+fp/softfp\libc_nano.a(libc_a-closer.o) (errno)
c:/siliconlabs/simplicitystudio/v5/developer/toolchains/gnu_arm/12.2.rel1_2023.7/bin/../lib/gcc/arm-none-eabi/12.2.1/thumb/v7e-m+fp/softfp\libc_nano.a(libc_a-impure.o)
                              c:/siliconlabs/simplicitystudio/v5/developer/toolchains/gnu_arm/12.2.rel1_2023.7/bin/../lib/gcc/arm-none-eabi/12.2.1/thumb/v7e-m+fp/softfp\libc_nano.a(libc_a-reent.o) (_impure_ptr)
c:/siliconlabs/simplicitystudio/v5/developer/toolchains/gnu_arm/12.2.rel1_2023.7/bin/../lib/gcc/arm-none-eabi/12.2.1/thumb/v7e-m+fp/softfp\libc_nano.a(libc_a-lseekr.o)
                              c:/siliconlabs/simplicitystudio/v5/developer/toolchains/gnu_arm/12.2.rel1_2023.7/bin/../lib/gcc/arm-none-eabi/12.2.1/thumb/v7e-m+fp/softfp\libc_nano.a(libc_a-stdio.o) (_lseek_r)
c:/siliconlabs/simplicitystudio/v5/developer/toolchains/gnu_arm/12.2.rel1_2023.7/bin/../lib/gcc/arm-none-eabi/12.2.1/thumb/v7e-m+fp/softfp\libc_nano.a(libc_a-readr.o)
                              c:/siliconlabs/simplicitystudio/v5/developer/toolchains/gnu_arm/12.2.rel1_2023.7/bin/../lib/gcc/arm-none-eabi/12.2.1/thumb/v7e-m+fp/softfp\libc_nano.a(libc_a-stdio.o) (_read_r)
c:/siliconlabs/simplicitystudio/v5/developer/toolchains/gnu_arm/12.2.rel1_2023.7/bin/../lib/gcc/arm-none-eabi/12.2.1/thumb/v7e-m+fp/softfp\libc_nano.a(libc_a-writer.o)
[...]
Memory Configuration

Name             Origin             Length             Attributes
FLASH            0x00000000         0x00200000         xr
RAM              0x20000000         0x00080000         xrw
*default*        0x00000000         0xffffffff

Linker script and memory map

LOAD c:/siliconlabs/simplicitystudio/v5/developer/toolchains/gnu_arm/12.2.rel1_2023.7/bin/../lib/gcc/arm-none-eabi/12.2.1/thumb/v7e-m+fp/softfp/crti.o
LOAD c:/siliconlabs/simplicitystudio/v5/developer/toolchains/gnu_arm/12.2.rel1_2023.7/bin/../lib/gcc/arm-none-eabi/12.2.1/thumb/v7e-m+fp/softfp/crtbegin.o
LOAD c:/siliconlabs/simplicitystudio/v5/developer/toolchains/gnu_arm/12.2.rel1_2023.7/bin/../lib/gcc/arm-none-eabi/12.2.1/thumb/v7e-m+fp/softfp/crt0.o
START GROUP
LOAD ./autogen/sl_device_init_clocks.o
LOAD ./autogen/sl_event_handler.o
LOAD ./buzzer.o
LOAD ./em_timer.o
LOAD ./em_usart.o
LOAD ./ethernet_switch.o
LOAD ./helpers.o
LOAD ./hw_timer.o
LOAD ./i2c.o
LOAD ./initialisation.o
LOAD ./main.o
LOAD ./menu.o
LOAD ./usart.o
LOAD ./usart_expanders.o
LOAD ./gecko_sdk_4.4.6/platform/Device/SiliconLabs/EFM32GG11B/Source/startup_efm32gg11b.o
LOAD ./gecko_sdk_4.4.6/platform/Device/SiliconLabs/EFM32GG11B/Source/system_efm32gg11b.o
LOAD ./gecko_sdk_4.4.6/platform/common/src/sl_assert.o
LOAD ./gecko_sdk_4.4.6/platform/common/src/sl_syscalls.o
LOAD ./gecko_sdk_4.4.6/platform/common/toolchain/src/sl_memory.o
LOAD ./gecko_sdk_4.4.6/platform/emlib/src/em_cmu.o
LOAD ./gecko_sdk_4.4.6/platform/emlib/src/em_core.o
LOAD ./gecko_sdk_4.4.6/platform/emlib/src/em_emu.o
LOAD ./gecko_sdk_4.4.6/platform/emlib/src/em_gpio.o
LOAD ./gecko_sdk_4.4.6/platform/emlib/src/em_i2c.o
LOAD ./gecko_sdk_4.4.6/platform/emlib/src/em_msc.o
LOAD ./gecko_sdk_4.4.6/platform/emlib/src/em_system.o
LOAD ./gecko_sdk_4.4.6/platform/service/device_init/src/sl_device_init_emu_s1.o
LOAD ./gecko_sdk_4.4.6/platform/service/device_init/src/sl_device_init_nvic.o
LOAD ./gecko_sdk_4.4.6/platform/service/system/src/sl_system_init.o
LOAD ./gecko_sdk_4.4.6/platform/service/system/src/sl_system_process_action.o
LOAD c:/siliconlabs/simplicitystudio/v5/developer/toolchains/gnu_arm/12.2.rel1_2023.7/bin/../lib/gcc/arm-none-eabi/12.2.1/thumb/v7e-m+fp/softfp\libgcc.a
LOAD c:/siliconlabs/simplicitystudio/v5/developer/toolchains/gnu_arm/12.2.rel1_2023.7/bin/../lib/gcc/arm-none-eabi/12.2.1/thumb/v7e-m+fp/softfp\libc_nano.a
LOAD c:/siliconlabs/simplicitystudio/v5/developer/toolchains/gnu_arm/12.2.rel1_2023.7/bin/../lib/gcc/arm-none-eabi/12.2.1/thumb/v7e-m+fp/softfp\libm.a
LOAD c:/siliconlabs/simplicitystudio/v5/developer/toolchains/gnu_arm/12.2.rel1_2023.7/bin/../lib/gcc/arm-none-eabi/12.2.1/thumb/v7e-m+fp/softfp\libnosys.a
END GROUP
START GROUP
LOAD c:/siliconlabs/simplicitystudio/v5/developer/toolchains/gnu_arm/12.2.rel1_2023.7/bin/../lib/gcc/arm-none-eabi/12.2.1/thumb/v7e-m+fp/softfp\libgcc.a
LOAD c:/siliconlabs/simplicitystudio/v5/developer/toolchains/gnu_arm/12.2.rel1_2023.7/bin/../lib/gcc/arm-none-eabi/12.2.1/thumb/v7e-m+fp/softfp\libc_nano.a
LOAD c:/siliconlabs/simplicitystudio/v5/developer/toolchains/gnu_arm/12.2.rel1_2023.7/bin/../lib/gcc/arm-none-eabi/12.2.1/thumb/v7e-m+fp/softfp\libnosys.a
END GROUP
START GROUP
LOAD c:/siliconlabs/simplicitystudio/v5/developer/toolchains/gnu_arm/12.2.rel1_2023.7/bin/../lib/gcc/arm-none-eabi/12.2.1/thumb/v7e-m+fp/softfp\libgcc.a
LOAD c:/siliconlabs/simplicitystudio/v5/developer/toolchains/gnu_arm/12.2.rel1_2023.7/bin/../lib/gcc/arm-none-eabi/12.2.1/thumb/v7e-m+fp/softfp\libg_nano.a
LOAD c:/siliconlabs/simplicitystudio/v5/developer/toolchains/gnu_arm/12.2.rel1_2023.7/bin/../lib/gcc/arm-none-eabi/12.2.1/thumb/v7e-m+fp/softfp\libc_nano.a
END GROUP
START GROUP
LOAD c:/siliconlabs/simplicitystudio/v5/developer/toolchains/gnu_arm/12.2.rel1_2023.7/bin/../lib/gcc/arm-none-eabi/12.2.1/thumb/v7e-m+fp/softfp\libgcc.a
LOAD c:/siliconlabs/simplicitystudio/v5/developer/toolchains/gnu_arm/12.2.rel1_2023.7/bin/../lib/gcc/arm-none-eabi/12.2.1/thumb/v7e-m+fp/softfp\libc_nano.a
END GROUP
LOAD c:/siliconlabs/simplicitystudio/v5/developer/toolchains/gnu_arm/12.2.rel1_2023.7/bin/../lib/gcc/arm-none-eabi/12.2.1/thumb/v7e-m+fp/softfp/crtend.o
LOAD c:/siliconlabs/simplicitystudio/v5/developer/toolchains/gnu_arm/12.2.rel1_2023.7/bin/../lib/gcc/arm-none-eabi/12.2.1/thumb/v7e-m+fp/softfp/crtn.o

.text           0x00000000     0x470c
                0x00000000                linker_vectors_begin = .
 *(.vectors)
 .vectors       0x00000000      0x158 ./gecko_sdk_4.4.6/platform/Device/SiliconLabs/EFM32GG11B/Source/startup_efm32gg11b.o
                0x00000000                __Vectors
                0x00000158                linker_vectors_end = .
                0x00000158                __Vectors_End = .
                0x00000158                __Vectors_Size = (__Vectors_End - __Vectors)
                0x00000158                linker_code_begin = .
 *(SORT_BY_ALIGNMENT(.text*))
 .text.deregister_tm_clones
                0x00000158       0x1c c:/siliconlabs/simplicitystudio/v5/developer/toolchains/gnu_arm/12.2.rel1_2023.7/bin/../lib/gcc/arm-none-eabi/12.2.1/thumb/v7e-m+fp/softfp/crtbegin.o
 .text.register_tm_clones
                0x00000174       0x24 c:/siliconlabs/simplicitystudio/v5/developer/toolchains/gnu_arm/12.2.rel1_2023.7/bin/../lib/gcc/arm-none-eabi/12.2.1/thumb/v7e-m+fp/softfp/crtbegin.o
 .text.__do_global_dtors_aux
                0x00000198       0x28 c:/siliconlabs/simplicitystudio/v5/developer/toolchains/gnu_arm/12.2.rel1_2023.7/bin/../lib/gcc/arm-none-eabi/12.2.1/thumb/v7e-m+fp/softfp/crtbegin.o
 .text.frame_dummy
                0x000001c0       0x24 c:/siliconlabs/simplicitystudio/v5/developer/toolchains/gnu_arm/12.2.rel1_2023.7/bin/../lib/gcc/arm-none-eabi/12.2.1/thumb/v7e-m+fp/softfp/crtbegin.o
 .text          0x000001e4       0x7c c:/siliconlabs/simplicitystudio/v5/developer/toolchains/gnu_arm/12.2.rel1_2023.7/bin/../lib/gcc/arm-none-eabi/12.2.1/thumb/v7e-m+fp/softfp/crt0.o
                0x000001e4                _stack_init
                0x000001ec                _start
                0x000001ec                _mainCRTStartup
 .text.TIMER_Valid
                0x00000260       0x9c ./em_timer.o
 .text.TIMER_Init
                0x000002fc      0x11c ./em_timer.o
                0x000002fc                TIMER_Init
 .text.USART_BaudrateAsyncSet
                0x00000418      0x168 ./em_usart.o
                0x00000418                USART_BaudrateAsyncSet
 .text.USART_BaudrateSyncSet
                0x00000580       0x84 ./em_usart.o
                0x00000580                USART_BaudrateSyncSet
 .text.USART_Enable
                0x00000604       0xa4 ./em_usart.o
                0x00000604                USART_Enable
 .text.USART_InitAsync
                0x000006a8      0x13c ./em_usart.o
                0x000006a8                USART_InitAsync
 .text.USART_InitSync
                0x000007e4      0x138 ./em_usart.o
                0x000007e4                USART_InitSync
 .text.USART_Reset
                0x0000091c      0x100 ./em_usart.o
                0x0000091c                USART_Reset
 .text.GPIO_PinOutClear
                0x00000a1c       0xd4 ./helpers.o
 .text.GPIO_PinOutSet
                0x00000af0       0xd4 ./helpers.o
 .text.Set_Expander_A_Power_State
                0x00000bc4       0x58 ./helpers.o
                0x00000bc4                Set_Expander_A_Power_State
 .text.Set_Expander_B_Power_State
                0x00000c1c       0x64 ./helpers.o
                0x00000c1c                Set_Expander_B_Power_State
 .text.Set_Expander_C_Power_State
                0x00000c80       0x58 ./helpers.o
                0x00000c80                Set_Expander_C_Power_State
 .text.Set_RS232_A_Power_State
                0x00000cd8       0x58 ./helpers.o
                0x00000cd8                Set_RS232_A_Power_State
 .text.Set_RS232_B_Power_State
                0x00000d30       0x58 ./helpers.o
                0x00000d30                Set_RS232_B_Power_State
 .text.Set_5V_Power_State
                0x00000d88       0x74 ./helpers.o
                0x00000d88                Set_5V_Power_State
 .text.Set_3V_Power_State
                0x00000dfc       0x58 ./helpers.o
                0x00000dfc                Set_3V_Power_State
 .text.__NVIC_EnableIRQ
                0x00000e54       0x34 ./hw_timer.o
 .text.TIMER_Valid
                0x00000e88       0x9c ./hw_timer.o
 .text.TIMER_MaxCount
                0x00000f24       0x44 ./hw_timer.o
 .text.TIMER_CounterSet
                0x00000f68       0x34 ./hw_timer.o
 .text.TIMER_Enable
                0x00000f9c       0x44 ./hw_timer.o
 .text.TIMER_TopSet
                0x00000fe0       0x34 ./hw_timer.o
 .text.setupTimer0
                0x00001014       0x64 ./hw_timer.o
                0x00001014                setupTimer0
 .text.setupTimer1
                0x00001078       0x60 ./hw_timer.o
                0x00001078                setupTimer1
 .text.hw_timer0_us
                0x000010d8       0x80 ./hw_timer.o
                0x000010d8                hw_timer0_us
 .text.hw_timer1_ms
                0x00001158       0x80 ./hw_timer.o
                0x00001158                hw_timer1_ms
 .text.TIMER0_IRQHandler
                0x000011d8       0x1c ./hw_timer.o
                0x000011d8                TIMER0_IRQHandler
 .text.TIMER1_IRQHandler
                0x000011f4       0x1c ./hw_timer.o
                0x000011f4                TIMER1_IRQHandler
 .text.I2C0_IRQHandler
                0x00001210      0x128 ./i2c.o
                0x00001210                I2C0_IRQHandler
 .text.GPIO_PinOutClear
                0x00001338       0xd4 ./initialisation.o
 .text.GPIO_PinOutSet
                0x0000140c       0xd4 ./initialisation.o
 .text.CHIP_Init
                0x000014e0       0x70 ./initialisation.o
 .text.Initialise_Node
                0x00001550      0x4b0 ./initialisation.o
                0x00001550                Initialise_Node
 .text.GPIO_PinOutSet
                0x00001a00       0xd4 ./main.o
 .text.main     0x00001ad4       0xc4 ./main.o
                0x00001ad4                main
 .text.usart_init
                0x00001b98      0x140 ./usart.o
                0x00001b98                usart_init
 .text.put_char
                0x00001cd8       0xe0 ./usart.o
                0x00001cd8                put_char
 .text.MAX14830_WriteRegister
                0x00001db8       0xd0 ./usart_expanders.o
                0x00001db8                MAX14830_WriteRegister
 .text.Reset_Handler
                0x00001e88       0x98 ./gecko_sdk_4.4.6/platform/Device/SiliconLabs/EFM32GG11B/Source/startup_efm32gg11b.o
                0x00001e88                Reset_Handler
 .text.SystemHFClockGet
                0x00001f20       0xe8 ./gecko_sdk_4.4.6/platform/Device/SiliconLabs/EFM32GG11B/Source/system_efm32gg11b.o
                0x00001f20                SystemHFClockGet
 .text.SystemHFXOClockGet
                0x00002008        0xc ./gecko_sdk_4.4.6/platform/Device/SiliconLabs/EFM32GG11B/Source/system_efm32gg11b.o
                0x00002008                SystemHFXOClockGet
 .text.SystemInit
                0x00002014       0x24 ./gecko_sdk_4.4.6/platform/Device/SiliconLabs/EFM32GG11B/Source/system_efm32gg11b.o
                0x00002014                SystemInit
 .text.SystemLFXOClockGet
                0x00002038        0xc ./gecko_sdk_4.4.6/platform/Device/SiliconLabs/EFM32GG11B/Source/system_efm32gg11b.o
                0x00002038                SystemLFXOClockGet
 .text.SL_Log2ToDiv
                0x00002044       0x2c ./gecko_sdk_4.4.6/platform/emlib/src/em_cmu.o
 .text.BUS_RegBitWrite
                0x00002070       0x40 ./gecko_sdk_4.4.6/platform/emlib/src/em_cmu.o
 .text.auxClkGet
                0x000020b0       0x14 ./gecko_sdk_4.4.6/platform/emlib/src/em_cmu.o
 .text.hfSrcClkGet
                0x000020c4       0x2c ./gecko_sdk_4.4.6/platform/emlib/src/em_cmu.o
 .text.dbgClkGet
                0x000020f0       0x50 ./gecko_sdk_4.4.6/platform/emlib/src/em_cmu.o
 .text.adcAsyncClkGet
                0x00002140       0xb4 ./gecko_sdk_4.4.6/platform/emlib/src/em_cmu.o
 .text.sdioRefClkGet
                0x000021f4       0x88 ./gecko_sdk_4.4.6/platform/emlib/src/em_cmu.o
 .text.qspiRefClkGet
                0x0000227c       0xa0 ./gecko_sdk_4.4.6/platform/emlib/src/em_cmu.o
 .text.usbRateClkGet
                0x0000231c       0xa8 ./gecko_sdk_4.4.6/platform/emlib/src/em_cmu.o
 .text.lfClkGet
                0x000023c4      0x15c ./gecko_sdk_4.4.6/platform/emlib/src/em_cmu.o
 .text.syncReg  0x00002520       0x30 ./gecko_sdk_4.4.6/platform/emlib/src/em_cmu.o
 .text.CMU_ClockEnable
                0x00002550      0x170 ./gecko_sdk_4.4.6/platform/emlib/src/em_cmu.o
                0x00002550                CMU_ClockEnable
 .text.CMU_ClockFreqGet
                0x000026c0      0x47c ./gecko_sdk_4.4.6/platform/emlib/src/em_cmu.o
                0x000026c0                CMU_ClockFreqGet
 .text.CMU_ClockPrescGet
                0x00002b3c      0x314 ./gecko_sdk_4.4.6/platform/emlib/src/em_cmu.o
                0x00002b3c                CMU_ClockPrescGet
 .text.CMU_ClockSelectGet
                0x00002e50      0x3c0 ./gecko_sdk_4.4.6/platform/emlib/src/em_cmu.o
                0x00002e50                CMU_ClockSelectGet
 .text.BUS_RegMaskedWrite
                0x00003210       0x48 ./gecko_sdk_4.4.6/platform/emlib/src/em_gpio.o
 .text.GPIO_PinOutClear
                0x00003258       0xd4 ./gecko_sdk_4.4.6/platform/emlib/src/em_gpio.o
 .text.GPIO_PinOutSet
                0x0000332c       0xd4 ./gecko_sdk_4.4.6/platform/emlib/src/em_gpio.o
 .text.GPIO_DriveStrengthSet
                0x00003400       0x94 ./gecko_sdk_4.4.6/platform/emlib/src/em_gpio.o
                0x00003400                GPIO_DriveStrengthSet
 .text.GPIO_PinModeSet
                0x00003494      0x170 ./gecko_sdk_4.4.6/platform/emlib/src/em_gpio.o
                0x00003494                GPIO_PinModeSet
 .text.exit     0x00003604       0x24 c:/siliconlabs/simplicitystudio/v5/developer/toolchains/gnu_arm/12.2.rel1_2023.7/bin/../lib/gcc/arm-none-eabi/12.2.1/thumb/v7e-m+fp/softfp\libc_nano.a(libc_a-exit.o)
                0x00003604                exit
 .text.__libc_init_array
                0x00003628       0x48 c:/siliconlabs/simplicitystudio/v5/developer/toolchains/gnu_arm/12.2.rel1_2023.7/bin/../lib/gcc/arm-none-eabi/12.2.1/thumb/v7e-m+fp/softfp\libc_nano.a(libc_a-init.o)
                0x00003628                __libc_init_array
 .text.prsRxInput
                0x00003670       0x20 ./em_usart.o
 .text.USART_SpiTransfer
                0x00003690       0x3a ./em_usart.o
                0x00003690                USART_SpiTransfer
 .text.USART_Tx
                0x000036ca       0x26 ./em_usart.o
                0x000036ca                USART_Tx
 .text.BUS_RegMaskedSet
                0x000036f0       0x1a ./helpers.o
 .text.BUS_RegMaskedClear
                0x0000370a       0x1a ./helpers.o
 .text.Set_Expander_A_CS_State
                0x00003724       0x32 ./helpers.o
                0x00003724                Set_Expander_A_CS_State
 .text.Set_Expander_B_CS_State
                0x00003756       0x32 ./helpers.o
                0x00003756                Set_Expander_B_CS_State
 .text.Set_Expander_C_CS_State
                0x00003788       0x32 ./helpers.o
                0x00003788                Set_Expander_C_CS_State
 .text.TIMER_IntClear
                0x000037ba       0x12 ./hw_timer.o
 .text.TIMER_IntEnable
                0x000037cc       0x18 ./hw_timer.o
 .text.BUS_RegMaskedSet
                0x000037e4       0x1a ./initialisation.o
 .text.BUS_RegMaskedClear
                0x000037fe       0x1a ./initialisation.o
 .text.BUS_RegMaskedSet
                0x00003818       0x1a ./main.o
 .text.print_string
                0x00003832       0x2e ./usart.o
                0x00003832                print_string
 .text.MAX14830_UART_Init
                0x00003860      0x120 ./usart_expanders.o
                0x00003860                MAX14830_UART_Init
 .text.MAX14830_UART1_SendChar
                0x00003980       0x20 ./usart_expanders.o
                0x00003980                MAX14830_UART1_SendChar
 .text.MAX14830_UART1_SendString
                0x000039a0       0x2a ./usart_expanders.o
                0x000039a0                MAX14830_UART1_SendString
 .text.Default_Handler
                0x000039ca        0x4 ./gecko_sdk_4.4.6/platform/Device/SiliconLabs/EFM32GG11B/Source/startup_efm32gg11b.o
                0x000039ca                TIMER2_IRQHandler
                0x000039ca                TIMER5_IRQHandler
                0x000039ca                DebugMon_Handler
                0x000039ca                USART0_TX_IRQHandler
                0x000039ca                USART5_RX_IRQHandler
                0x000039ca                HardFault_Handler
                0x000039ca                LEUART1_IRQHandler
                0x000039ca                SysTick_Handler
                0x000039ca                SDIO_IRQHandler
                0x000039ca                USART1_RX_IRQHandler
                0x000039ca                PendSV_Handler
                0x000039ca                NMI_Handler
                0x000039ca                I2C1_IRQHandler
                0x000039ca                CAN1_IRQHandler
                0x000039ca                WTIMER0_IRQHandler
                0x000039ca                WTIMER3_IRQHandler
                0x000039ca                CRYPTO0_IRQHandler
                0x000039ca                WDOG0_IRQHandler
                0x000039ca                TIMER3_IRQHandler
                0x000039ca                USART1_TX_IRQHandler
                0x000039ca                USART4_RX_IRQHandler
                0x000039ca                SMU_IRQHandler
                0x000039ca                MSC_IRQHandler
                0x000039ca                ADC0_IRQHandler
                0x000039ca                UsageFault_Handler
                0x000039ca                WDOG1_IRQHandler
                0x000039ca                LEUART0_IRQHandler
                0x000039ca                TIMER4_IRQHandler
                0x000039ca                FPUEH_IRQHandler
                0x000039ca                WTIMER1_IRQHandler
                0x000039ca                GPIO_EVEN_IRQHandler
                0x000039ca                UART0_TX_IRQHandler
                0x000039ca                UART1_TX_IRQHandler
                0x000039ca                VDAC0_IRQHandler
                0x000039ca                QSPI0_IRQHandler
                0x000039ca                LDMA_IRQHandler
                0x000039ca                TIMER6_IRQHandler
                0x000039ca                CSEN_IRQHandler
                0x000039ca                ADC1_IRQHandler
                0x000039ca                I2C2_IRQHandler
                0x000039ca                RTC_IRQHandler
                0x000039ca                LCD_IRQHandler
                0x000039ca                PCNT2_IRQHandler
                0x000039ca                UART0_RX_IRQHandler
                0x000039ca                WTIMER2_IRQHandler
                0x000039ca                LETIMER0_IRQHandler
                0x000039ca                TRNG0_IRQHandler
                0x000039ca                USART2_RX_IRQHandler
                0x000039ca                Default_Handler
                0x000039ca                EMU_IRQHandler
                0x000039ca                CRYOTIMER_IRQHandler
                0x000039ca                PCNT0_IRQHandler
                0x000039ca                sl_app_properties
                0x000039ca                USB_IRQHandler
                0x000039ca                USART4_TX_IRQHandler
                0x000039ca                PCNT1_IRQHandler
                0x000039ca                ACMP0_IRQHandler
                0x000039ca                USART0_RX_IRQHandler
                0x000039ca                USART5_TX_IRQHandler
                0x000039ca                MemManage_Handler
                0x000039ca                SVC_Handler
                0x000039ca                USART3_RX_IRQHandler
                0x000039ca                RTCC_IRQHandler
                0x000039ca                UART1_RX_IRQHandler
                0x000039ca                ETH_IRQHandler
                0x000039ca                CMU_IRQHandler
                0x000039ca                EBI_IRQHandler
                0x000039ca                CAN0_IRQHandler
                0x000039ca                LESENSE_IRQHandler
                0x000039ca                GPIO_ODD_IRQHandler
                0x000039ca                USART3_TX_IRQHandler
                0x000039ca                LETIMER1_IRQHandler
                0x000039ca                ACMP2_IRQHandler
                0x000039ca                BusFault_Handler
                0x000039ca                USART2_TX_IRQHandler
                0x000039ca                IDAC0_IRQHandler
 .text.SystemLFRCOClockGet
                0x000039ce        0x8 ./gecko_sdk_4.4.6/platform/Device/SiliconLabs/EFM32GG11B/Source/system_efm32gg11b.o
                0x000039ce                SystemLFRCOClockGet
 .text.SystemULFRCOClockGet
                0x000039d6        0x8 ./gecko_sdk_4.4.6/platform/Device/SiliconLabs/EFM32GG11B/Source/system_efm32gg11b.o
                0x000039d6                SystemULFRCOClockGet
 .text.assertEFM
                0x000039de        0xa ./gecko_sdk_4.4.6/platform/common/src/sl_assert.o
                0x000039de                assertEFM
 .text._exit    0x000039e8        0x8 ./gecko_sdk_4.4.6/platform/common/src/sl_syscalls.o
                0x000039e8                _exit
 .text.CMU_ClockDivGet
                0x000039f0       0x18 ./gecko_sdk_4.4.6/platform/emlib/src/em_cmu.o
                0x000039f0                CMU_ClockDivGet
 .text.CORE_EnterCritical
                0x00003a08       0x18 ./gecko_sdk_4.4.6/platform/emlib/src/em_core.o
                0x00003a08                CORE_EnterCritical
 .text.CORE_ExitCritical
                0x00003a20       0x14 ./gecko_sdk_4.4.6/platform/emlib/src/em_core.o
                0x00003a20                CORE_ExitCritical
 .text.BUS_RegMaskedSet
                0x00003a34       0x1a ./gecko_sdk_4.4.6/platform/emlib/src/em_gpio.o
 .text.BUS_RegMaskedClear
                0x00003a4e       0x1a ./gecko_sdk_4.4.6/platform/emlib/src/em_gpio.o
 .text.memset   0x00003a68       0x10 c:/siliconlabs/simplicitystudio/v5/developer/toolchains/gnu_arm/12.2.rel1_2023.7/bin/../lib/gcc/arm-none-eabi/12.2.1/thumb/v7e-m+fp/softfp\libc_nano.a(libc_a-memset.o)
                0x00003a68                memset
                0x00003a80                . = ALIGN (0x20)
 *fill*         0x00003a78        0x8 
                0x00003a80                linker_code_end = .
 *(.init)
 .init          0x00003a80        0x4 c:/siliconlabs/simplicitystudio/v5/developer/toolchains/gnu_arm/12.2.rel1_2023.7/bin/../lib/gcc/arm-none-eabi/12.2.1/thumb/v7e-m+fp/softfp/crti.o
                0x00003a80                _init
 .init          0x00003a84        0x8 c:/siliconlabs/simplicitystudio/v5/developer/toolchains/gnu_arm/12.2.rel1_2023.7/bin/../lib/gcc/arm-none-eabi/12.2.1/thumb/v7e-m+fp/softfp/crtn.o
 *(.fini)
 .fini          0x00003a8c        0x4 c:/siliconlabs/simplicitystudio/v5/developer/toolchains/gnu_arm/12.2.rel1_2023.7/bin/../lib/gcc/arm-none-eabi/12.2.1/thumb/v7e-m+fp/softfp/crti.o
                0x00003a8c                _fini
 .fini          0x00003a90        0x8 c:/siliconlabs/simplicitystudio/v5/developer/toolchains/gnu_arm/12.2.rel1_2023.7/bin/../lib/gcc/arm-none-eabi/12.2.1/thumb/v7e-m+fp/softfp/crtn.o
 *crtbegin.o(.ctors)
 *crtbegin?.o(.ctors)
 *(EXCLUDE_FILE(*crtend.o *crtend?.o) .ctors)
 *(SORT_BY_NAME(.ctors.*))
 *(.ctors)
 *crtbegin.o(.dtors)
 *crtbegin?.o(.dtors)
 *(EXCLUDE_FILE(*crtend.o *crtend?.o) .dtors)
 *(SORT_BY_NAME(.dtors.*))
 *(.dtors)
                0x00003a98                __code_classification_validator_start__ = .
                0x00003ab8                . = (. + 0x20)
 *fill*         0x00003a98       0x20 
 *(code_classification_validator)
                0x00003ac0                . = ALIGN (0x20)
 *fill*         0x00003ab8        0x8 
                0x00003ac0                __code_classification_validator_end__ = .
 *(.rodata*)
 .rodata        0x00003ac0       0xb8 ./em_timer.o
 .rodata        0x00003b78       0x58 ./em_usart.o
 .rodata        0x00003bd0      0x747 ./helpers.o
 *fill*         0x00004317        0x1 
 .rodata        0x00004318        0xe ./hw_timer.o
 *fill*         0x00004326        0x2 
 .rodata        0x00004328       0x16 ./i2c.o
 *fill*         0x0000433e        0x2 
 .rodata        0x00004340       0xbb ./initialisation.o
 *fill*         0x000043fb        0x1 
 .rodata        0x000043fc       0x6a ./main.o
 *fill*         0x00004466        0x2 
 .rodata        0x00004468       0x38 ./usart.o
 .rodata        0x000044a0      0x162 ./gecko_sdk_4.4.6/platform/emlib/src/em_cmu.o
 *fill*         0x00004602        0x2 
 .rodata        0x00004604      0x107 ./gecko_sdk_4.4.6/platform/emlib/src/em_gpio.o
 *(.eh_frame*)
 *fill*         0x0000470b        0x1 
 .eh_frame      0x0000470c        0x0 c:/siliconlabs/simplicitystudio/v5/developer/toolchains/gnu_arm/12.2.rel1_2023.7/bin/../lib/gcc/arm-none-eabi/12.2.1/thumb/v7e-m+fp/softfp/crtbegin.o

.glue_7         0x0000470c        0x0
 .glue_7        0x0000470c        0x0 linker stubs

.glue_7t        0x0000470c        0x0
 .glue_7t       0x0000470c        0x0 linker stubs

.vfp11_veneer   0x0000470c        0x0
 .vfp11_veneer  0x0000470c        0x0 linker stubs

.v4_bx          0x0000470c        0x0
 .v4_bx         0x0000470c        0x0 linker stubs

.iplt           0x0000470c        0x0
 .iplt          0x0000470c        0x0 c:/siliconlabs/simplicitystudio/v5/developer/toolchains/gnu_arm/12.2.rel1_2023.7/bin/../lib/gcc/arm-none-eabi/12.2.1/thumb/v7e-m+fp/softfp/crtbegin.o

.ARM.extab
 *(.ARM.extab* .gnu.linkonce.armextab.*)
                0x0000470c                __exidx_start = .

.ARM.exidx      0x0000470c        0x8
 *(.ARM.exidx* .gnu.linkonce.armexidx.*)
 .ARM.exidx     0x0000470c        0x8 c:/siliconlabs/simplicitystudio/v5/developer/toolchains/gnu_arm/12.2.rel1_2023.7/bin/../lib/gcc/arm-none-eabi/12.2.1/thumb/v7e-m+fp/softfp/crt0.o
                                 0x10 (size before relaxing)
                0x00004714                __exidx_end = .

.rel.dyn        0x00004714        0x0
 .rel.iplt      0x00004714        0x0 c:/siliconlabs/simplicitystudio/v5/developer/toolchains/gnu_arm/12.2.rel1_2023.7/bin/../lib/gcc/arm-none-eabi/12.2.1/thumb/v7e-m+fp/softfp/crtbegin.o

.copy.table     0x00004714        0xc
                0x00004714                . = ALIGN (0x4)
                0x00004714                __copy_table_start__ = .
                0x00004714        0x4 LONG 0x4720 __etext
                0x00004718        0x4 LONG 0x20001000 __data_start__
                0x0000471c        0x4 LONG 0x7 ((__data_end__ - __data_start__) / 0x4)
                0x00004720                __copy_table_end__ = .

.zero.table     0x00004720        0x0
                0x00004720                . = ALIGN (0x4)
                0x00004720                __zero_table_start__ = .
                0x00004720                __zero_table_end__ = .
                0x00004720                __etext = .
                0x20000000                . = ORIGIN (RAM)

.stack          0x20000000     0x1000
                0x20000000                __StackLimit = .
 *(.stack*)
 .stack         0x20000000     0x1000 ./gecko_sdk_4.4.6/platform/common/toolchain/src/sl_memory.o
                0x20001000                . = ALIGN (0x4)
                0x20001000                __StackTop = .
                0x20001000                PROVIDE (__stack = __StackTop)

.noinit
 *(.noinit*)

.data           0x20001000       0x1c load address 0x00004720
                0x20001000                . = ALIGN (0x4)
                0x20001000                __data_start__ = .
 *(vtable)
 *(SORT_BY_ALIGNMENT(.data*))
 .data.SystemHFXOClock
                0x20001000        0x4 ./gecko_sdk_4.4.6/platform/Device/SiliconLabs/EFM32GG11B/Source/system_efm32gg11b.o
 .data.SystemLFXOClock
                0x20001004        0x4 ./gecko_sdk_4.4.6/platform/Device/SiliconLabs/EFM32GG11B/Source/system_efm32gg11b.o
 .data.SystemHfrcoFreq
                0x20001008        0x4 ./gecko_sdk_4.4.6/platform/Device/SiliconLabs/EFM32GG11B/Source/system_efm32gg11b.o
                0x20001008                SystemHfrcoFreq
 .data.auxHfrcoFreq
                0x2000100c        0x4 ./gecko_sdk_4.4.6/platform/emlib/src/em_cmu.o
 .data.ushfrcoFreq
                0x20001010        0x4 ./gecko_sdk_4.4.6/platform/emlib/src/em_cmu.o
                0x20001014                . = ALIGN (0x4)
                [!provide]                PROVIDE (__ram_func_section_start = .)
 *(.ram)
                [!provide]                PROVIDE (__ram_func_section_end = .)
                0x20001014                . = ALIGN (0x4)
                0x20001014                PROVIDE (__preinit_array_start = .)
 *(.preinit_array)
                0x20001014                PROVIDE (__preinit_array_end = .)
                0x20001014                . = ALIGN (0x4)
                0x20001014                PROVIDE (__init_array_start = .)
 *(SORT_BY_NAME(.init_array.*))
 *(.init_array)
 .init_array    0x20001014        0x4 c:/siliconlabs/simplicitystudio/v5/developer/toolchains/gnu_arm/12.2.rel1_2023.7/bin/../lib/gcc/arm-none-eabi/12.2.1/thumb/v7e-m+fp/softfp/crtbegin.o
                0x20001018                PROVIDE (__init_array_end = .)
                0x20001018                . = ALIGN (0x4)
                [!provide]                PROVIDE (__fini_array_start = .)
 *(SORT_BY_NAME(.fini_array.*))
 *(.fini_array)
 .fini_array    0x20001018        0x4 c:/siliconlabs/simplicitystudio/v5/developer/toolchains/gnu_arm/12.2.rel1_2023.7/bin/../lib/gcc/arm-none-eabi/12.2.1/thumb/v7e-m+fp/softfp/crtbegin.o
                [!provide]                PROVIDE (__fini_array_end = .)
                0x2000101c                . = ALIGN (0x4)
                0x2000101c                __data_end__ = .

.tm_clone_table
                0x2000101c        0x0 load address 0x0000473c
 .tm_clone_table
                0x2000101c        0x0 c:/siliconlabs/simplicitystudio/v5/developer/toolchains/gnu_arm/12.2.rel1_2023.7/bin/../lib/gcc/arm-none-eabi/12.2.1/thumb/v7e-m+fp/softfp/crtbegin.o
 .tm_clone_table
                0x2000101c        0x0 c:/siliconlabs/simplicitystudio/v5/developer/toolchains/gnu_arm/12.2.rel1_2023.7/bin/../lib/gcc/arm-none-eabi/12.2.1/thumb/v7e-m+fp/softfp/crtend.o

.igot.plt       0x2000101c        0x0 load address 0x0000473c
 .igot.plt      0x2000101c        0x0 c:/siliconlabs/simplicitystudio/v5/developer/toolchains/gnu_arm/12.2.rel1_2023.7/bin/../lib/gcc/arm-none-eabi/12.2.1/thumb/v7e-m+fp/softfp/crtbegin.o

.bss            0x2000101c       0x44 load address 0x0000473c
                0x2000101c                . = ALIGN (0x4)
                0x2000101c                __bss_start__ = .
 *(SORT_BY_ALIGNMENT(.bss*))
 .bss.object.0  0x2000101c       0x18 c:/siliconlabs/simplicitystudio/v5/developer/toolchains/gnu_arm/12.2.rel1_2023.7/bin/../lib/gcc/arm-none-eabi/12.2.1/thumb/v7e-m+fp/softfp/crtbegin.o
 .bss.NodeConfig
                0x20001034       0x20 ./main.o
                0x20001034                NodeConfig
 .bss.__stdio_exit_handler
                0x20001054        0x4 c:/siliconlabs/simplicitystudio/v5/developer/toolchains/gnu_arm/12.2.rel1_2023.7/bin/../lib/gcc/arm-none-eabi/12.2.1/thumb/v7e-m+fp/softfp\libc_nano.a(libc_a-findfp.o)
                0x20001054                __stdio_exit_handler
 .bss.completed.1
                0x20001058        0x1 c:/siliconlabs/simplicitystudio/v5/developer/toolchains/gnu_arm/12.2.rel1_2023.7/bin/../lib/gcc/arm-none-eabi/12.2.1/thumb/v7e-m+fp/softfp/crtbegin.o
 .bss.timer0Expired
                0x20001059        0x1 ./hw_timer.o
                0x20001059                timer0Expired
 .bss.timer1Expired
                0x2000105a        0x1 ./hw_timer.o
                0x2000105a                timer1Expired
 .bss.i2cState  0x2000105b        0x1 ./i2c.o
 .bss.i2cTransferComplete
                0x2000105c        0x1 ./i2c.o
 .bss.i2cRxData
                0x2000105d        0x1 ./i2c.o
 *(COMMON)
                0x20001060                . = ALIGN (0x4)
 *fill*         0x2000105e        0x2 
                0x20001060                __bss_end__ = .
                0x20001060                __ramfuncs_start__ = .
                0x20001060                __vma_ramfuncs_start__ = .
                0x0000473c                __lma_ramfuncs_start__ = (__etext + SIZEOF (.data))
                0x00000000                __text_application_ram_offset__ = (. - __vma_ramfuncs_start__)

text_application_ram
                0x20001060        0x0 load address 0x0000473c
                0x20001060                . = ALIGN (0x4)
                0x20001060                __text_application_ram_start__ = .
 *(text_application_ram)
                0x20001060                . = ALIGN (0x4)
                0x20001060                __text_application_ram_end__ = .
                0x20001060                . = ALIGN (0x4)
                0x20001060                __vma_ramfuncs_end__ = .
                0x0000473c                __lma_ramfuncs_end__ = ((__lma_ramfuncs_start__ + __text_application_ram_offset__) + SIZEOF (text_application_ram))
                0x20001060                __ramfuncs_end__ = .

.heap           0x20001060      0x800
                0x20001060                __HeapBase = .
                0x20001060                __end__ = .
                0x20001060                end = __end__
                0x20001060                _end = __end__
 *(.heap*)
 .heap          0x20001060      0x800 ./gecko_sdk_4.4.6/platform/common/toolchain/src/sl_memory.o
                0x20080000                __HeapLimit = (ORIGIN (RAM) + LENGTH (RAM))
                0x0007efa0                __heap_size = (__HeapLimit - __HeapBase)
                0x20080000                __ram_end__ = 0x20080000
                0x00200000                __main_flash_end__ = 0x200000

.internal_storage
 *(.internal_storage*)

.nvm
 *(.simee*)
                0x00200000                linker_nvm_end = __main_flash_end__
                0x00200000                linker_nvm_begin = (linker_nvm_end - SIZEOF (.nvm))
                0x00000000                linker_nvm_size = SIZEOF (.nvm)
                0x00200000                linker_storage_end = linker_nvm_begin
                0x00200000                __nvm3Base = linker_nvm_begin
                0x00200000                linker_storage_begin = (linker_storage_end - SIZEOF (.internal_storage))
                0x00000000                linker_storage_size = SIZEOF (.internal_storage)
                0x00000001                ASSERT ((linker_storage_begin >= (__etext + SIZEOF (.data))), FLASH memory overflowed !)
OUTPUT(NAVCOM_Functionality_Testing.axf elf32-littlearm)
LOAD linker stubs

.ARM.attributes
                0x00000000       0x2e
 .ARM.attributes
                0x00000000       0x22 c:/siliconlabs/simplicitystudio/v5/developer/toolchains/gnu_arm/12.2.rel1_2023.7/bin/../lib/gcc/arm-none-eabi/12.2.1/thumb/v7e-m+fp/softfp/crti.o
 .ARM.attributes
                0x00000022       0x32 c:/siliconlabs/simplicitystudio/v5/developer/toolchains/gnu_arm/12.2.rel1_2023.7/bin/../lib/gcc/arm-none-eabi/12.2.1/thumb/v7e-m+fp/softfp/crtbegin.o
 .ARM.attributes
                0x00000054       0x20 c:/siliconlabs/simplicitystudio/v5/developer/toolchains/gnu_arm/12.2.rel1_2023.7/bin/../lib/gcc/arm-none-eabi/12.2.1/thumb/v7e-m+fp/softfp/crt0.o
 .ARM.attributes
                0x00000074       0x32 ./em_timer.o
 .ARM.attributes
                0x000000a6       0x32 ./em_usart.o
 .ARM.attributes
                0x000000d8       0x32 ./helpers.o
 .ARM.attributes
                0x0000010a       0x32 ./hw_timer.o
 .ARM.attributes
                0x0000013c       0x32 ./i2c.o
 .ARM.attributes
                0x0000016e       0x32 ./initialisation.o
 .ARM.attributes
                0x000001a0       0x32 ./main.o
 .ARM.attributes
                0x000001d2       0x32 ./usart.o
 .ARM.attributes
                0x00000204       0x32 ./usart_expanders.o
 .ARM.attributes
                0x00000236       0x32 ./gecko_sdk_4.4.6/platform/Device/SiliconLabs/EFM32GG11B/Source/startup_efm32gg11b.o
 .ARM.attributes
                0x00000268       0x32 ./gecko_sdk_4.4.6/platform/Device/SiliconLabs/EFM32GG11B/Source/system_efm32gg11b.o
 .ARM.attributes
                0x0000029a       0x32 ./gecko_sdk_4.4.6/platform/common/src/sl_assert.o
 .ARM.attributes
                0x000002cc       0x32 ./gecko_sdk_4.4.6/platform/common/src/sl_syscalls.o
 .ARM.attributes
                0x000002fe       0x32 ./gecko_sdk_4.4.6/platform/common/toolchain/src/sl_memory.o
 .ARM.attributes
                0x00000330       0x32 ./gecko_sdk_4.4.6/platform/emlib/src/em_cmu.o
 .ARM.attributes
                0x00000362       0x32 ./gecko_sdk_4.4.6/platform/emlib/src/em_core.o
 .ARM.attributes
                0x00000394       0x32 ./gecko_sdk_4.4.6/platform/emlib/src/em_gpio.o
 .ARM.attributes
                0x000003c6       0x32 c:/siliconlabs/simplicitystudio/v5/developer/toolchains/gnu_arm/12.2.rel1_2023.7/bin/../lib/gcc/arm-none-eabi/12.2.1/thumb/v7e-m+fp/softfp\libc_nano.a(libc_a-exit.o)
 .ARM.attributes
                0x000003f8       0x32 c:/siliconlabs/simplicitystudio/v5/developer/toolchains/gnu_arm/12.2.rel1_2023.7/bin/../lib/gcc/arm-none-eabi/12.2.1/thumb/v7e-m+fp/softfp\libc_nano.a(libc_a-findfp.o)
 .ARM.attributes
                0x0000042a       0x32 c:/siliconlabs/simplicitystudio/v5/developer/toolchains/gnu_arm/12.2.rel1_2023.7/bin/../lib/gcc/arm-none-eabi/12.2.1/thumb/v7e-m+fp/softfp\libc_nano.a(libc_a-memset.o)
 .ARM.attributes
                0x0000045c       0x32 c:/siliconlabs/simplicitystudio/v5/developer/toolchains/gnu_arm/12.2.rel1_2023.7/bin/../lib/gcc/arm-none-eabi/12.2.1/thumb/v7e-m+fp/softfp\libc_nano.a(libc_a-init.o)
 .ARM.attributes
                0x0000048e       0x32 c:/siliconlabs/simplicitystudio/v5/developer/toolchains/gnu_arm/12.2.rel1_2023.7/bin/../lib/gcc/arm-none-eabi/12.2.1/thumb/v7e-m+fp/softfp/crtend.o
 .ARM.attributes
                0x000004c0       0x22 c:/siliconlabs/simplicitystudio/v5/developer/toolchains/gnu_arm/12.2.rel1_2023.7/bin/../lib/gcc/arm-none-eabi/12.2.1/thumb/v7e-m+fp/softfp/crtn.o

.comment        0x00000000       0x45
 .comment       0x00000000       0x45 ./em_timer.o
                                 0x46 (size before relaxing)
 .comment       0x00000045       0x46 ./em_usart.o
 .comment       0x00000045       0x46 ./helpers.o
 .comment       0x00000045       0x46 ./hw_timer.o
 .comment       0x00000045       0x46 ./i2c.o
 .comment       0x00000045       0x46 ./initialisation.o
 .comment       0x00000045       0x46 ./main.o
 .comment       0x00000045       0x46 ./usart.o
 .comment       0x00000045       0x46 ./usart_expanders.o
 .comment       0x00000045       0x46 ./gecko_sdk_4.4.6/platform/Device/SiliconLabs/EFM32GG11B/Source/startup_efm32gg11b.o
 .comment       0x00000045       0x46 ./gecko_sdk_4.4.6/platform/Device/SiliconLabs/EFM32GG11B/Source/system_efm32gg11b.o
 .comment       0x00000045       0x46 ./gecko_sdk_4.4.6/platform/common/src/sl_assert.o
 .comment       0x00000045       0x46 ./gecko_sdk_4.4.6/platform/common/src/sl_syscalls.o
 .comment       0x00000045       0x46 ./gecko_sdk_4.4.6/platform/common/toolchain/src/sl_memory.o
 .comment       0x00000045       0x46 ./gecko_sdk_4.4.6/platform/emlib/src/em_cmu.o
 .comment       0x00000045       0x46 ./gecko_sdk_4.4.6/platform/emlib/src/em_core.o
 .comment       0x00000045       0x46 ./gecko_sdk_4.4.6/platform/emlib/src/em_gpio.o

.debug_line_str
                0x00000000       0xe5
 .debug_line_str
                0x00000000       0xe5 c:/siliconlabs/simplicitystudio/v5/developer/toolchains/gnu_arm/12.2.rel1_2023.7/bin/../lib/gcc/arm-none-eabi/12.2.1/thumb/v7e-m+fp/softfp/crt0.o

.debug_info     0x00000000     0xd0d8
 .debug_info    0x00000000      0xa68 ./em_timer.o
 .debug_info    0x00000a68     0x1253 ./em_usart.o
 .debug_info    0x00001cbb     0x1103 ./helpers.o
 .debug_info    0x00002dbe     0x100b ./hw_timer.o
 .debug_info    0x00003dc9      0xc0d ./i2c.o
 .debug_info    0x000049d6     0x10d1 ./initialisation.o
 .debug_info    0x00005aa7      0xa1f ./main.o
 .debug_info    0x000064c6      0x839 ./usart.o
 .debug_info    0x00006cff      0x588 ./usart_expanders.o
 .debug_info    0x00007287      0x2ff ./gecko_sdk_4.4.6/platform/Device/SiliconLabs/EFM32GG11B/Source/startup_efm32gg11b.o
 .debug_info    0x00007586      0xa21 ./gecko_sdk_4.4.6/platform/Device/SiliconLabs/EFM32GG11B/Source/system_efm32gg11b.o
 .debug_info    0x00007fa7       0x7d ./gecko_sdk_4.4.6/platform/common/src/sl_assert.o
 .debug_info    0x00008024      0x2e9 ./gecko_sdk_4.4.6/platform/common/src/sl_syscalls.o
 .debug_info    0x0000830d      0x1f4 ./gecko_sdk_4.4.6/platform/common/toolchain/src/sl_memory.o
 .debug_info    0x00008501     0x30b4 ./gecko_sdk_4.4.6/platform/emlib/src/em_cmu.o
 .debug_info    0x0000b5b5      0xf0b ./gecko_sdk_4.4.6/platform/emlib/src/em_core.o
 .debug_info    0x0000c4c0      0xc18 ./gecko_sdk_4.4.6/platform/emlib/src/em_gpio.o

.debug_abbrev   0x00000000     0x223a
 .debug_abbrev  0x00000000      0x219 ./em_timer.o
 .debug_abbrev  0x00000219      0x273 ./em_usart.o
 .debug_abbrev  0x0000048c      0x232 ./helpers.o
 .debug_abbrev  0x000006be      0x2c9 ./hw_timer.o
 .debug_abbrev  0x00000987      0x21f ./i2c.o
 .debug_abbrev  0x00000ba6      0x230 ./initialisation.o
 .debug_abbrev  0x00000dd6      0x1e3 ./main.o
 .debug_abbrev  0x00000fb9      0x1ac ./usart.o
 .debug_abbrev  0x00001165      0x1b6 ./usart_expanders.o
 .debug_abbrev  0x0000131b      0x1b7 ./gecko_sdk_4.4.6/platform/Device/SiliconLabs/EFM32GG11B/Source/startup_efm32gg11b.o
 .debug_abbrev  0x000014d2      0x1fe ./gecko_sdk_4.4.6/platform/Device/SiliconLabs/EFM32GG11B/Source/system_efm32gg11b.o
 .debug_abbrev  0x000016d0       0x69 ./gecko_sdk_4.4.6/platform/common/src/sl_assert.o
 .debug_abbrev  0x00001739       0xd9 ./gecko_sdk_4.4.6/platform/common/src/sl_syscalls.o
 .debug_abbrev  0x00001812      0x107 ./gecko_sdk_4.4.6/platform/common/toolchain/src/sl_memory.o
 .debug_abbrev  0x00001919      0x424 ./gecko_sdk_4.4.6/platform/emlib/src/em_cmu.o
 .debug_abbrev  0x00001d3d      0x2c8 ./gecko_sdk_4.4.6/platform/emlib/src/em_core.o
 .debug_abbrev  0x00002005      0x235 ./gecko_sdk_4.4.6/platform/emlib/src/em_gpio.o

.debug_loc      0x00000000     0x3186
 .debug_loc     0x00000000      0x1e0 ./em_timer.o
 .debug_loc     0x000001e0      0x479 ./em_usart.o
 .debug_loc     0x00000659      0x9c8 ./helpers.o
 .debug_loc     0x00001021      0x3a0 ./hw_timer.o
 .debug_loc     0x000013c1       0xc8 ./i2c.o
 .debug_loc     0x00001489      0x108 ./initialisation.o
 .debug_loc     0x00001591       0x90 ./main.o
 .debug_loc     0x00001621       0xe1 ./usart.o
 .debug_loc     0x00001702      0x1f4 ./usart_expanders.o
 .debug_loc     0x000018f6       0x2c ./gecko_sdk_4.4.6/platform/Device/SiliconLabs/EFM32GG11B/Source/startup_efm32gg11b.o
 .debug_loc     0x00001922       0xd4 ./gecko_sdk_4.4.6/platform/Device/SiliconLabs/EFM32GG11B/Source/system_efm32gg11b.o
 .debug_loc     0x000019f6       0x20 ./gecko_sdk_4.4.6/platform/common/src/sl_assert.o
 .debug_loc     0x00001a16      0x180 ./gecko_sdk_4.4.6/platform/common/src/sl_syscalls.o
 .debug_loc     0x00001b96       0x84 ./gecko_sdk_4.4.6/platform/common/toolchain/src/sl_memory.o
 .debug_loc     0x00001c1a      0xdc4 ./gecko_sdk_4.4.6/platform/emlib/src/em_cmu.o
 .debug_loc     0x000029de      0x490 ./gecko_sdk_4.4.6/platform/emlib/src/em_core.o
 .debug_loc     0x00002e6e      0x318 ./gecko_sdk_4.4.6/platform/emlib/src/em_gpio.o

.debug_aranges  0x00000000      0xa50
 .debug_aranges
                0x00000000       0x60 ./em_timer.o
 .debug_aranges
                0x00000060       0xd0 ./em_usart.o
 .debug_aranges
                0x00000130      0x188 ./helpers.o
 .debug_aranges
                0x000002b8       0xb8 ./hw_timer.o
 .debug_aranges
                0x00000370       0x50 ./i2c.o
 .debug_aranges
                0x000003c0       0x50 ./initialisation.o
 .debug_aranges
                0x00000410       0x30 ./main.o
 .debug_aranges
                0x00000440       0x38 ./usart.o
 .debug_aranges
                0x00000478       0x68 ./usart_expanders.o
 .debug_aranges
                0x000004e0       0x28 ./gecko_sdk_4.4.6/platform/Device/SiliconLabs/EFM32GG11B/Source/startup_efm32gg11b.o
 .debug_aranges
                0x00000508       0x68 ./gecko_sdk_4.4.6/platform/Device/SiliconLabs/EFM32GG11B/Source/system_efm32gg11b.o
 .debug_aranges
                0x00000570       0x20 ./gecko_sdk_4.4.6/platform/common/src/sl_assert.o
 .debug_aranges
                0x00000590       0x68 ./gecko_sdk_4.4.6/platform/common/src/sl_syscalls.o
 .debug_aranges
                0x000005f8       0x30 ./gecko_sdk_4.4.6/platform/common/toolchain/src/sl_memory.o
 .debug_aranges
                0x00000628      0x2b0 ./gecko_sdk_4.4.6/platform/emlib/src/em_cmu.o
 .debug_aranges
                0x000008d8       0xe8 ./gecko_sdk_4.4.6/platform/emlib/src/em_core.o
 .debug_aranges
                0x000009c0       0x90 ./gecko_sdk_4.4.6/platform/emlib/src/em_gpio.o

.debug_ranges   0x00000000      0x940
 .debug_ranges  0x00000000       0x50 ./em_timer.o
 .debug_ranges  0x00000050       0xc0 ./em_usart.o
 .debug_ranges  0x00000110      0x178 ./helpers.o
 .debug_ranges  0x00000288       0xa8 ./hw_timer.o
 .debug_ranges  0x00000330       0x40 ./i2c.o
 .debug_ranges  0x00000370       0x40 ./initialisation.o
 .debug_ranges  0x000003b0       0x20 ./main.o
 .debug_ranges  0x000003d0       0x28 ./usart.o
 .debug_ranges  0x000003f8       0x58 ./usart_expanders.o
 .debug_ranges  0x00000450       0x18 ./gecko_sdk_4.4.6/platform/Device/SiliconLabs/EFM32GG11B/Source/startup_efm32gg11b.o
 .debug_ranges  0x00000468       0x58 ./gecko_sdk_4.4.6/platform/Device/SiliconLabs/EFM32GG11B/Source/system_efm32gg11b.o
 .debug_ranges  0x000004c0       0x10 ./gecko_sdk_4.4.6/platform/common/src/sl_assert.o
 .debug_ranges  0x000004d0       0x58 ./gecko_sdk_4.4.6/platform/common/src/sl_syscalls.o
 .debug_ranges  0x00000528       0x20 ./gecko_sdk_4.4.6/platform/common/toolchain/src/sl_memory.o
 .debug_ranges  0x00000548      0x2a0 ./gecko_sdk_4.4.6/platform/emlib/src/em_cmu.o
 .debug_ranges  0x000007e8       0xd8 ./gecko_sdk_4.4.6/platform/emlib/src/em_core.o
 .debug_ranges  0x000008c0       0x80 ./gecko_sdk_4.4.6/platform/emlib/src/em_gpio.o

.debug_line     0x00000000     0x7b40
 .debug_line    0x00000000      0x86c ./em_timer.o
 .debug_line    0x0000086c      0xa84 ./em_usart.o
 .debug_line    0x000012f0      0xc88 ./helpers.o
 .debug_line    0x00001f78      0x6d3 ./hw_timer.o
 .debug_line    0x0000264b      0x496 ./i2c.o
 .debug_line    0x00002ae1      0x535 ./initialisation.o
 .debug_line    0x00003016      0x3ee ./main.o
 .debug_line    0x00003404      0x346 ./usart.o
 .debug_line    0x0000374a      0x3c1 ./usart_expanders.o
 .debug_line    0x00003b0b      0x304 ./gecko_sdk_4.4.6/platform/Device/SiliconLabs/EFM32GG11B/Source/startup_efm32gg11b.o
 .debug_line    0x00003e0f      0x411 ./gecko_sdk_4.4.6/platform/Device/SiliconLabs/EFM32GG11B/Source/system_efm32gg11b.o
 .debug_line    0x00004220       0x93 ./gecko_sdk_4.4.6/platform/common/src/sl_assert.o
 .debug_line    0x000042b3      0x16a ./gecko_sdk_4.4.6/platform/common/src/sl_syscalls.o
 .debug_line    0x0000441d      0x2d9 ./gecko_sdk_4.4.6/platform/common/toolchain/src/sl_memory.o
 .debug_line    0x000046f6     0x2260 ./gecko_sdk_4.4.6/platform/emlib/src/em_cmu.o
 .debug_line    0x00006956      0x940 ./gecko_sdk_4.4.6/platform/emlib/src/em_core.o
 .debug_line    0x00007296      0x8aa ./gecko_sdk_4.4.6/platform/emlib/src/em_gpio.o

.debug_str      0x00000000     0x4e74
 .debug_str     0x00000000      0x998 ./em_timer.o
                                0xa02 (size before relaxing)
 .debug_str     0x00000998      0xdbd ./em_usart.o
                               0x1025 (size before relaxing)
 .debug_str     0x00001755      0x7a7 ./helpers.o
                                0xa13 (size before relaxing)
 .debug_str     0x00001efc      0x5d0 ./hw_timer.o
                               0x1030 (size before relaxing)
 .debug_str     0x000024cc      0x383 ./i2c.o
                               0x1005 (size before relaxing)
 .debug_str     0x0000284f      0x4a0 ./initialisation.o
                                0xf9f (size before relaxing)
 .debug_str     0x00002cef       0x4e ./main.o
                                0x7ed (size before relaxing)
 .debug_str     0x00002d3d       0x31 ./usart.o
                                0x788 (size before relaxing)
 .debug_str     0x00002d6e      0x12c ./usart_expanders.o
                                0x4f3 (size before relaxing)
 .debug_str     0x00002e9a      0x172 ./gecko_sdk_4.4.6/platform/Device/SiliconLabs/EFM32GG11B/Source/startup_efm32gg11b.o
                                0x369 (size before relaxing)
 .debug_str     0x0000300c      0x1b5 ./gecko_sdk_4.4.6/platform/Device/SiliconLabs/EFM32GG11B/Source/system_efm32gg11b.o
                                0x73a (size before relaxing)
 .debug_str     0x000031c1       0x64 ./gecko_sdk_4.4.6/platform/common/src/sl_assert.o
                                0x1cb (size before relaxing)
 .debug_str     0x00003225       0xc0 ./gecko_sdk_4.4.6/platform/common/src/sl_syscalls.o
                                0x2ab (size before relaxing)
 .debug_str     0x000032e5      0x105 ./gecko_sdk_4.4.6/platform/common/toolchain/src/sl_memory.o
                                0x305 (size before relaxing)
 .debug_str     0x000033ea     0x15d3 ./gecko_sdk_4.4.6/platform/emlib/src/em_cmu.o
                               0x226f (size before relaxing)
 .debug_str     0x000049bd      0x368 ./gecko_sdk_4.4.6/platform/emlib/src/em_core.o
                                0xa53 (size before relaxing)
 .debug_str     0x00004d25      0x14f ./gecko_sdk_4.4.6/platform/emlib/src/em_gpio.o
                                0x904 (size before relaxing)

.debug_frame    0x00000000     0x1ecc
 .debug_frame   0x00000000      0x104 ./em_timer.o
 .debug_frame   0x00000104      0x274 ./em_usart.o
 .debug_frame   0x00000378      0x510 ./helpers.o
 .debug_frame   0x00000888      0x210 ./hw_timer.o
 .debug_frame   0x00000a98       0xac ./i2c.o
 .debug_frame   0x00000b44       0xb8 ./initialisation.o
 .debug_frame   0x00000bfc       0x5c ./main.o
 .debug_frame   0x00000c58       0x84 ./usart.o
 .debug_frame   0x00000cdc      0x120 ./usart_expanders.o
 .debug_frame   0x00000dfc       0x38 ./gecko_sdk_4.4.6/platform/Device/SiliconLabs/EFM32GG11B/Source/startup_efm32gg11b.o
 .debug_frame   0x00000e34       0xdc ./gecko_sdk_4.4.6/platform/Device/SiliconLabs/EFM32GG11B/Source/system_efm32gg11b.o
 .debug_frame   0x00000f10       0x24 ./gecko_sdk_4.4.6/platform/common/src/sl_assert.o
 .debug_frame   0x00000f34       0xf4 ./gecko_sdk_4.4.6/platform/common/src/sl_syscalls.o
 .debug_frame   0x00001028       0x58 ./gecko_sdk_4.4.6/platform/common/toolchain/src/sl_memory.o
 .debug_frame   0x00001080      0x850 ./gecko_sdk_4.4.6/platform/emlib/src/em_cmu.o
 .debug_frame   0x000018d0      0x2a0 ./gecko_sdk_4.4.6/platform/emlib/src/em_core.o
 .debug_frame   0x00001b70      0x1a4 ./gecko_sdk_4.4.6/platform/emlib/src/em_gpio.o
 .debug_frame   0x00001d14       0x28 c:/siliconlabs/simplicitystudio/v5/developer/toolchains/gnu_arm/12.2.rel1_2023.7/bin/../lib/gcc/arm-none-eabi/12.2.1/thumb/v7e-m+fp/softfp\libc_nano.a(libc_a-exit.o)
 .debug_frame   0x00001d3c      0x144 c:/siliconlabs/simplicitystudio/v5/developer/toolchains/gnu_arm/12.2.rel1_2023.7/bin/../lib/gcc/arm-none-eabi/12.2.1/thumb/v7e-m+fp/softfp\libc_nano.a(libc_a-findfp.o)
 .debug_frame   0x00001e80       0x20 c:/siliconlabs/simplicitystudio/v5/developer/toolchains/gnu_arm/12.2.rel1_2023.7/bin/../lib/gcc/arm-none-eabi/12.2.1/thumb/v7e-m+fp/softfp\libc_nano.a(libc_a-memset.o)
 .debug_frame   0x00001ea0       0x2c c:/siliconlabs/simplicitystudio/v5/developer/toolchains/gnu_arm/12.2.rel1_2023.7/bin/../lib/gcc/arm-none-eabi/12.2.1/thumb/v7e-m+fp/softfp\libc_nano.a(libc_a-init.o)
